20:09:03 **** Incremental Build of configuration Debug for project Image_Classification_Inference ****
make -j12 all 
arm-none-eabi-g++ "../Core/Src/app.cpp" -mcpu=cortex-m4 -std=gnu++14 -g3 -DDEBUG -DUSE_HAL_DRIVER -DSTM32L475xx -DCMSIS_NN -c -I../Core/Inc -I../Drivers/STM32L4xx_HAL_Driver/Inc -I../Drivers/STM32L4xx_HAL_Driver/Inc/Legacy -I../Drivers/CMSIS/Device/ST/STM32L4xx/Include -I"C:/Users/Ivan/Desktop/ETH/Semester3/ml-on-mcu/ex6/Task_1/Image_Classification_Inference/Drivers/CMSIS/Device/ST/STM32L4xx" -I"C:/Users/Ivan/Desktop/ETH/Semester3/ml-on-mcu/ex6/Task_1/Image_Classification_Inference/Drivers/CMSIS/Core/Include" -I"C:/Users/Ivan/Desktop/ETH/Semester3/ml-on-mcu/ex6/Task_1/Image_Classification_Inference/Drivers/CMSIS/DSP/Include" -I"C:/Users/Ivan/Desktop/ETH/Semester3/ml-on-mcu/ex6/Task_1/Image_Classification_Inference/Drivers/CMSIS/DSP/PrivateInclude" -I"C:/Users/Ivan/Desktop/ETH/Semester3/ml-on-mcu/ex6/Task_1/Image_Classification_Inference/Drivers/CMSIS/NN/Include" -I../Drivers/CMSIS/Include -I"C:/Users/Ivan/Desktop/ETH/Semester3/ml-on-mcu/ex6/Task_1/Image_Classification_Inference/tensorflow_lite" -I"C:/Users/Ivan/Desktop/ETH/Semester3/ml-on-mcu/ex6/Task_1/Image_Classification_Inference/tensorflow_lite/third_party/flatbuffers/include" -I"C:/Users/Ivan/Desktop/ETH/Semester3/ml-on-mcu/ex6/Task_1/Image_Classification_Inference/tensorflow_lite/third_party/gemmlowp" -I"C:/Users/Ivan/Desktop/ETH/Semester3/ml-on-mcu/ex6/Task_1/Image_Classification_Inference/tensorflow_lite/third_party/kissfft" -I"C:/Users/Ivan/Desktop/ETH/Semester3/ml-on-mcu/ex6/Task_1/Image_Classification_Inference/tensorflow_lite/third_party/ruy" -O0 -ffunction-sections -fdata-sections -fno-exceptions -fno-rtti -fno-use-cxa-atexit -Wall -fstack-usage -fcyclomatic-complexity -MMD -MP -MF"Core/Src/app.d" -MT"Core/Src/app.o" --specs=nano.specs -mfpu=fpv4-sp-d16 -mfloat-abi=hard -mthumb -o "Core/Src/app.o"
../Core/Src/app.cpp: In function 'int application()':
../Core/Src/app.cpp:29:15: warning: unused variable 'naiveRuntime' [-Wunused-variable]
   29 |         float naiveRuntime;
      |               ^~~~~~~~~~~~
../Core/Src/app.cpp:30:15: warning: unused variable 'cmsisRuntime' [-Wunused-variable]
   30 |         float cmsisRuntime;
      |               ^~~~~~~~~~~~
In file included from ../Core/Src/app.cpp:13:
../Core/Inc/CycleCounter.h: At global scope:
../Core/Inc/CycleCounter.h:6:31: warning: 'SCB_DEMCR' defined but not used [-Wunused-variable]
    6 | static volatile unsigned int *SCB_DEMCR   ;
      |                               ^~~~~~~~~
../Core/Inc/CycleCounter.h:5:31: warning: 'DWT_CONTROL' defined but not used [-Wunused-variable]
    5 | static volatile unsigned int *DWT_CONTROL ;
      |                               ^~~~~~~~~~~
../Core/Inc/CycleCounter.h:4:31: warning: 'DWT_CYCCNT' defined but not used [-Wunused-variable]
    4 | static volatile unsigned int *DWT_CYCCNT  ;
      |                               ^~~~~~~~~~
arm-none-eabi-g++ -o "Image_Classification_Inference.elf" @"objects.list"   -mcpu=cortex-m4 -T"C:\Users\Ivan\Desktop\ETH\Semester3\ml-on-mcu\ex6\Task_1\Image_Classification_Inference\STM32L475VGTX_FLASH.ld" --specs=nosys.specs -Wl,-Map="Image_Classification_Inference.map" -Wl,--gc-sections -static -Wl,--wrap=malloc -Wl,--wrap=free -u _printf_float --specs=nano.specs -mfpu=fpv4-sp-d16 -mfloat-abi=hard -mthumb -u _printf_float -Wl,--start-group -lc -lm -lstdc++ -lsupc++ -Wl,--end-group
C:/ST/STM32CubeIDE_1.14.1/STM32CubeIDE/plugins/com.st.stm32cube.ide.mcu.externaltools.gnu-tools-for-stm32.11.3.rel1.win32_1.1.100.202309141235/tools/bin/../lib/gcc/arm-none-eabi/11.3.1/../../../../arm-none-eabi/bin/ld.exe: C:/ST/STM32CubeIDE_1.14.1/STM32CubeIDE/plugins/com.st.stm32cube.ide.mcu.externaltools.gnu-tools-for-stm32.11.3.rel1.win32_1.1.100.202309141235/tools/bin/../lib/gcc/arm-none-eabi/11.3.1/../../../../arm-none-eabi/lib/thumb/v7e-m+fp/hard\libc_nano.a(libc_a-closer.o): in function `_close_r':
(.text._close_r+0xc): warning: _close is not implemented and will always fail
C:/ST/STM32CubeIDE_1.14.1/STM32CubeIDE/plugins/com.st.stm32cube.ide.mcu.externaltools.gnu-tools-for-stm32.11.3.rel1.win32_1.1.100.202309141235/tools/bin/../lib/gcc/arm-none-eabi/11.3.1/../../../../arm-none-eabi/bin/ld.exe: C:/ST/STM32CubeIDE_1.14.1/STM32CubeIDE/plugins/com.st.stm32cube.ide.mcu.externaltools.gnu-tools-for-stm32.11.3.rel1.win32_1.1.100.202309141235/tools/bin/../lib/gcc/arm-none-eabi/11.3.1/../../../../arm-none-eabi/lib/thumb/v7e-m+fp/hard\libc_nano.a(libc_a-fstatr.o): in function `_fstat_r':
(.text._fstat_r+0xe): warning: _fstat is not implemented and will always fail
C:/ST/STM32CubeIDE_1.14.1/STM32CubeIDE/plugins/com.st.stm32cube.ide.mcu.externaltools.gnu-tools-for-stm32.11.3.rel1.win32_1.1.100.202309141235/tools/bin/../lib/gcc/arm-none-eabi/11.3.1/../../../../arm-none-eabi/bin/ld.exe: C:/ST/STM32CubeIDE_1.14.1/STM32CubeIDE/plugins/com.st.stm32cube.ide.mcu.externaltools.gnu-tools-for-stm32.11.3.rel1.win32_1.1.100.202309141235/tools/bin/../lib/gcc/arm-none-eabi/11.3.1/../../../../arm-none-eabi/lib/thumb/v7e-m+fp/hard\libc_nano.a(libc_a-signalr.o): in function `_getpid_r':
(.text._getpid_r+0x0): warning: _getpid is not implemented and will always fail
C:/ST/STM32CubeIDE_1.14.1/STM32CubeIDE/plugins/com.st.stm32cube.ide.mcu.externaltools.gnu-tools-for-stm32.11.3.rel1.win32_1.1.100.202309141235/tools/bin/../lib/gcc/arm-none-eabi/11.3.1/../../../../arm-none-eabi/bin/ld.exe: C:/ST/STM32CubeIDE_1.14.1/STM32CubeIDE/plugins/com.st.stm32cube.ide.mcu.externaltools.gnu-tools-for-stm32.11.3.rel1.win32_1.1.100.202309141235/tools/bin/../lib/gcc/arm-none-eabi/11.3.1/../../../../arm-none-eabi/lib/thumb/v7e-m+fp/hard\libc_nano.a(libc_a-isattyr.o): in function `_isatty_r':
(.text._isatty_r+0xc): warning: _isatty is not implemented and will always fail
C:/ST/STM32CubeIDE_1.14.1/STM32CubeIDE/plugins/com.st.stm32cube.ide.mcu.externaltools.gnu-tools-for-stm32.11.3.rel1.win32_1.1.100.202309141235/tools/bin/../lib/gcc/arm-none-eabi/11.3.1/../../../../arm-none-eabi/bin/ld.exe: C:/ST/STM32CubeIDE_1.14.1/STM32CubeIDE/plugins/com.st.stm32cube.ide.mcu.externaltools.gnu-tools-for-stm32.11.3.rel1.win32_1.1.100.202309141235/tools/bin/../lib/gcc/arm-none-eabi/11.3.1/../../../../arm-none-eabi/lib/thumb/v7e-m+fp/hard\libc_nano.a(libc_a-signalr.o): in function `_kill_r':
(.text._kill_r+0xe): warning: _kill is not implemented and will always fail
C:/ST/STM32CubeIDE_1.14.1/STM32CubeIDE/plugins/com.st.stm32cube.ide.mcu.externaltools.gnu-tools-for-stm32.11.3.rel1.win32_1.1.100.202309141235/tools/bin/../lib/gcc/arm-none-eabi/11.3.1/../../../../arm-none-eabi/bin/ld.exe: C:/ST/STM32CubeIDE_1.14.1/STM32CubeIDE/plugins/com.st.stm32cube.ide.mcu.externaltools.gnu-tools-for-stm32.11.3.rel1.win32_1.1.100.202309141235/tools/bin/../lib/gcc/arm-none-eabi/11.3.1/../../../../arm-none-eabi/lib/thumb/v7e-m+fp/hard\libc_nano.a(libc_a-lseekr.o): in function `_lseek_r':
(.text._lseek_r+0x10): warning: _lseek is not implemented and will always fail
C:/ST/STM32CubeIDE_1.14.1/STM32CubeIDE/plugins/com.st.stm32cube.ide.mcu.externaltools.gnu-tools-for-stm32.11.3.rel1.win32_1.1.100.202309141235/tools/bin/../lib/gcc/arm-none-eabi/11.3.1/../../../../arm-none-eabi/bin/ld.exe: C:/ST/STM32CubeIDE_1.14.1/STM32CubeIDE/plugins/com.st.stm32cube.ide.mcu.externaltools.gnu-tools-for-stm32.11.3.rel1.win32_1.1.100.202309141235/tools/bin/../lib/gcc/arm-none-eabi/11.3.1/../../../../arm-none-eabi/lib/thumb/v7e-m+fp/hard\libc_nano.a(libc_a-readr.o): in function `_read_r':
(.text._read_r+0x10): warning: _read is not implemented and will always fail
Finished building target: Image_Classification_Inference.elf
 
arm-none-eabi-size  Image_Classification_Inference.elf 
arm-none-eabi-objdump -h -S Image_Classification_Inference.elf  > "Image_Classification_Inference.list"
   text	   data	    bss	    dec	    hex	filename
 486736	    500	  71748	 558984	  88788	Image_Classification_Inference.elf
Finished building: default.size.stdout
 
Finished building: Image_Classification_Inference.list
 

20:09:22 Build Finished. 0 errors, 12 warnings. (took 18s.859ms)

