Archive member included to satisfy reference by file (symbol)

../Middlewares/ST/AI/Lib\NetworkRuntime910_CM4_GCC.a(stai_internal.o)
                              ./X-CUBE-AI/App/aiValidation.o (stai_runtime_get_info)
../Middlewares/ST/AI/Lib\NetworkRuntime910_CM4_GCC.a(ai_datatypes_internal.o)
                              ./X-CUBE-AI/App/aiValidation.o (get_tensor_size)
../Middlewares/ST/AI/Lib\NetworkRuntime910_CM4_GCC.a(ai_platform.o)
                              ./X-CUBE-AI/App/aiTestHelper.o (ai_buffer_get_size)
../Middlewares/ST/AI/Lib\NetworkRuntime910_CM4_GCC.a(ai_platform_interface.o)
                              ./X-CUBE-AI/App/network.o (ai_platform_get_weights_map)
../Middlewares/ST/AI/Lib\NetworkRuntime910_CM4_GCC.a(core_common.o)
                              ../Middlewares/ST/AI/Lib\NetworkRuntime910_CM4_GCC.a(ai_platform_interface.o) (core_init)
../Middlewares/ST/AI/Lib\NetworkRuntime910_CM4_GCC.a(core_mem_manager.o)
                              ../Middlewares/ST/AI/Lib\NetworkRuntime910_CM4_GCC.a(ai_platform_interface.o) (core_mem_alloc)
../Middlewares/ST/AI/Lib\NetworkRuntime910_CM4_GCC.a(layers.o)
                              ../Middlewares/ST/AI/Lib\NetworkRuntime910_CM4_GCC.a(ai_platform_interface.o) (ai_check_custom_types)
../Middlewares/ST/AI/Lib\NetworkRuntime910_CM4_GCC.a(layers_conv2d_generic_float.o)
                              ./X-CUBE-AI/App/network.o (forward_conv2d_if32of32wf32)
../Middlewares/ST/AI/Lib\NetworkRuntime910_CM4_GCC.a(layers_nl_generic_float.o)
                              ./X-CUBE-AI/App/network.o (forward_relu)
../Middlewares/ST/AI/Lib\NetworkRuntime910_CM4_GCC.a(layers_pool_generic_float.o)
                              ./X-CUBE-AI/App/network.o (forward_ap)
../Middlewares/ST/AI/Lib\NetworkRuntime910_CM4_GCC.a(layers_conv2d_integer_scratch.o)
                              ../Middlewares/ST/AI/Lib\NetworkRuntime910_CM4_GCC.a(layers.o) (get_conv2d_scratch_size)
../Middlewares/ST/AI/Lib\NetworkRuntime910_CM4_GCC.a(forward_lite_conv2d_if32of32wf32.o)
                              ../Middlewares/ST/AI/Lib\NetworkRuntime910_CM4_GCC.a(layers_conv2d_generic_float.o) (forward_lite_conv2d_if32of32wf32)
../Middlewares/ST/AI/Lib\NetworkRuntime910_CM4_GCC.a(lite_nl_softmax_if32of32.o)
                              ../Middlewares/ST/AI/Lib\NetworkRuntime910_CM4_GCC.a(layers_nl_generic_float.o) (forward_lite_nl_softmax_if32of32_kernel)
../Middlewares/ST/AI/Lib\NetworkRuntime910_CM4_GCC.a(lite_nl_relu_if32of32.o)
                              ../Middlewares/ST/AI/Lib\NetworkRuntime910_CM4_GCC.a(layers_nl_generic_float.o) (forward_lite_nl_prelu_if32of32_kernel)
../Middlewares/ST/AI/Lib\NetworkRuntime910_CM4_GCC.a(forward_lite_pool_f32.o)
                              ./X-CUBE-AI/App/network.o (pool_func_mp_array_f32)
../Middlewares/ST/AI/Lib\NetworkRuntime910_CM4_GCC.a(lite_dense_if32.o)
                              ../Middlewares/ST/AI/Lib\NetworkRuntime910_CM4_GCC.a(layers_conv2d_generic_float.o) (lite_decompress_ilutof32)
../Middlewares/ST/AI/Lib\NetworkRuntime910_CM4_GCC.a(lite_nl_generic_float.o)
                              ./X-CUBE-AI/App/network.o (forward_lite_nl_relu_if32of32)
../Middlewares/ST/AI/Lib\NetworkRuntime910_CM4_GCC.a(st_int8_fill.o)
                              ../Middlewares/ST/AI/Lib\NetworkRuntime910_CM4_GCC.a(layers_nl_generic_float.o) (st_int8_fill)
../Middlewares/ST/AI/Lib\NetworkRuntime910_CM4_GCC.a(ai_math_helpers.o)
                              ../Middlewares/ST/AI/Lib\NetworkRuntime910_CM4_GCC.a(layers_nl_generic_float.o) (ai_math_sqrt)
../Middlewares/ST/AI/Lib\NetworkRuntime910_CM4_GCC.a(ai_datatypes_format.o)
                              ../Middlewares/ST/AI/Lib\NetworkRuntime910_CM4_GCC.a(ai_datatypes_internal.o) (ai_array_to_buffer_fmt)
../Middlewares/ST/AI/Lib\NetworkRuntime910_CM4_GCC.a(ai_math_elementwise_mul_int8.o)
                              ../Middlewares/ST/AI/Lib\NetworkRuntime910_CM4_GCC.a(ai_math_helpers.o) (ai_math_elementwise_mul_int8)
../Middlewares/ST/AI/Lib\NetworkRuntime910_CM4_GCC.a(ai_math_elementwise_sum_int8.o)
                              ../Middlewares/ST/AI/Lib\NetworkRuntime910_CM4_GCC.a(ai_math_helpers.o) (ai_math_elementwise_sum_int8)
../Middlewares/ST/AI/Lib\NetworkRuntime910_CM4_GCC.a(st_align_factor.o)
                              ../Middlewares/ST/AI/Lib\NetworkRuntime910_CM4_GCC.a(ai_math_helpers.o) (align_factor)
C:/ST/STM32CubeIDE_1.14.1/STM32CubeIDE/plugins/com.st.stm32cube.ide.mcu.externaltools.gnu-tools-for-stm32.11.3.rel1.win32_1.1.100.202309141235/tools/bin/../lib/gcc/arm-none-eabi/11.3.1/../../../../arm-none-eabi/lib/thumb/v7e-m+fp/hard\libc_nano.a(libc_a-exit.o)
                              C:/ST/STM32CubeIDE_1.14.1/STM32CubeIDE/plugins/com.st.stm32cube.ide.mcu.externaltools.gnu-tools-for-stm32.11.3.rel1.win32_1.1.100.202309141235/tools/bin/../lib/gcc/arm-none-eabi/11.3.1/../../../../arm-none-eabi/lib/thumb/v7e-m+fp/hard/crt0.o (exit)
[...]
Memory Configuration

Name             Origin             Length             Attributes
RAM              0x0000000020000000 0x0000000000018000 xrw
RAM2             0x0000000010000000 0x0000000000008000 xrw
FLASH            0x0000000008000000 0x0000000000100000 xr
*default*        0x0000000000000000 0xffffffffffffffff

Linker script and memory map

LOAD C:/ST/STM32CubeIDE_1.14.1/STM32CubeIDE/plugins/com.st.stm32cube.ide.mcu.externaltools.gnu-tools-for-stm32.11.3.rel1.win32_1.1.100.202309141235/tools/bin/../lib/gcc/arm-none-eabi/11.3.1/thumb/v7e-m+fp/hard/crti.o
LOAD C:/ST/STM32CubeIDE_1.14.1/STM32CubeIDE/plugins/com.st.stm32cube.ide.mcu.externaltools.gnu-tools-for-stm32.11.3.rel1.win32_1.1.100.202309141235/tools/bin/../lib/gcc/arm-none-eabi/11.3.1/thumb/v7e-m+fp/hard/crtbegin.o
LOAD C:/ST/STM32CubeIDE_1.14.1/STM32CubeIDE/plugins/com.st.stm32cube.ide.mcu.externaltools.gnu-tools-for-stm32.11.3.rel1.win32_1.1.100.202309141235/tools/bin/../lib/gcc/arm-none-eabi/11.3.1/../../../../arm-none-eabi/lib/thumb/v7e-m+fp/hard/crt0.o
LOAD ./Core/Src/main.o
LOAD ./Core/Src/stm32l4xx_hal_msp.o
LOAD ./Core/Src/stm32l4xx_it.o
LOAD ./Core/Src/sysmem.o
LOAD ./Core/Src/system_stm32l4xx.o
LOAD ./Core/Startup/startup_stm32l475vgtx.o
LOAD ./Drivers/STM32L4xx_HAL_Driver/Src/stm32l4xx_hal.o
LOAD ./Drivers/STM32L4xx_HAL_Driver/Src/stm32l4xx_hal_cortex.o
LOAD ./Drivers/STM32L4xx_HAL_Driver/Src/stm32l4xx_hal_dma.o
LOAD ./Drivers/STM32L4xx_HAL_Driver/Src/stm32l4xx_hal_dma_ex.o
LOAD ./Drivers/STM32L4xx_HAL_Driver/Src/stm32l4xx_hal_exti.o
LOAD ./Drivers/STM32L4xx_HAL_Driver/Src/stm32l4xx_hal_flash.o
LOAD ./Drivers/STM32L4xx_HAL_Driver/Src/stm32l4xx_hal_flash_ex.o
LOAD ./Drivers/STM32L4xx_HAL_Driver/Src/stm32l4xx_hal_flash_ramfunc.o
LOAD ./Drivers/STM32L4xx_HAL_Driver/Src/stm32l4xx_hal_gpio.o
LOAD ./Drivers/STM32L4xx_HAL_Driver/Src/stm32l4xx_hal_i2c.o
LOAD ./Drivers/STM32L4xx_HAL_Driver/Src/stm32l4xx_hal_i2c_ex.o
LOAD ./Drivers/STM32L4xx_HAL_Driver/Src/stm32l4xx_hal_pwr.o
LOAD ./Drivers/STM32L4xx_HAL_Driver/Src/stm32l4xx_hal_pwr_ex.o
LOAD ./Drivers/STM32L4xx_HAL_Driver/Src/stm32l4xx_hal_rcc.o
LOAD ./Drivers/STM32L4xx_HAL_Driver/Src/stm32l4xx_hal_rcc_ex.o
LOAD ./Drivers/STM32L4xx_HAL_Driver/Src/stm32l4xx_hal_tim.o
LOAD ./Drivers/STM32L4xx_HAL_Driver/Src/stm32l4xx_hal_tim_ex.o
LOAD ./Drivers/STM32L4xx_HAL_Driver/Src/stm32l4xx_hal_uart.o
LOAD ./Drivers/STM32L4xx_HAL_Driver/Src/stm32l4xx_hal_uart_ex.o
LOAD ./X-CUBE-AI/App/aiPbIO.o
LOAD ./X-CUBE-AI/App/aiPbMemRWServices.o
LOAD ./X-CUBE-AI/App/aiPbMgr.o
LOAD ./X-CUBE-AI/App/aiTestHelper.o
LOAD ./X-CUBE-AI/App/aiTestUtility.o
LOAD ./X-CUBE-AI/App/aiValidation.o
LOAD ./X-CUBE-AI/App/ai_device_adaptor.o
LOAD ./X-CUBE-AI/App/app_x-cube-ai.o
LOAD ./X-CUBE-AI/App/lc_print.o
LOAD ./X-CUBE-AI/App/network.o
LOAD ./X-CUBE-AI/App/network_data.o
LOAD ./X-CUBE-AI/App/network_data_params.o
LOAD ./X-CUBE-AI/App/pb_common.o
LOAD ./X-CUBE-AI/App/pb_decode.o
LOAD ./X-CUBE-AI/App/pb_encode.o
LOAD ./X-CUBE-AI/App/stm32msg.pb.o
LOAD ./X-CUBE-AI/App/syscalls.o
LOAD ../Middlewares/ST/AI/Lib\NetworkRuntime910_CM4_GCC.a
START GROUP
LOAD C:/ST/STM32CubeIDE_1.14.1/STM32CubeIDE/plugins/com.st.stm32cube.ide.mcu.externaltools.gnu-tools-for-stm32.11.3.rel1.win32_1.1.100.202309141235/tools/bin/../lib/gcc/arm-none-eabi/11.3.1/../../../../arm-none-eabi/lib/thumb/v7e-m+fp/hard\libc_nano.a
LOAD C:/ST/STM32CubeIDE_1.14.1/STM32CubeIDE/plugins/com.st.stm32cube.ide.mcu.externaltools.gnu-tools-for-stm32.11.3.rel1.win32_1.1.100.202309141235/tools/bin/../lib/gcc/arm-none-eabi/11.3.1/../../../../arm-none-eabi/lib/thumb/v7e-m+fp/hard\libm.a
END GROUP
START GROUP
LOAD C:/ST/STM32CubeIDE_1.14.1/STM32CubeIDE/plugins/com.st.stm32cube.ide.mcu.externaltools.gnu-tools-for-stm32.11.3.rel1.win32_1.1.100.202309141235/tools/bin/../lib/gcc/arm-none-eabi/11.3.1/thumb/v7e-m+fp/hard\libgcc.a
LOAD C:/ST/STM32CubeIDE_1.14.1/STM32CubeIDE/plugins/com.st.stm32cube.ide.mcu.externaltools.gnu-tools-for-stm32.11.3.rel1.win32_1.1.100.202309141235/tools/bin/../lib/gcc/arm-none-eabi/11.3.1/../../../../arm-none-eabi/lib/thumb/v7e-m+fp/hard\libc_nano.a
END GROUP
START GROUP
LOAD C:/ST/STM32CubeIDE_1.14.1/STM32CubeIDE/plugins/com.st.stm32cube.ide.mcu.externaltools.gnu-tools-for-stm32.11.3.rel1.win32_1.1.100.202309141235/tools/bin/../lib/gcc/arm-none-eabi/11.3.1/thumb/v7e-m+fp/hard\libgcc.a
LOAD C:/ST/STM32CubeIDE_1.14.1/STM32CubeIDE/plugins/com.st.stm32cube.ide.mcu.externaltools.gnu-tools-for-stm32.11.3.rel1.win32_1.1.100.202309141235/tools/bin/../lib/gcc/arm-none-eabi/11.3.1/../../../../arm-none-eabi/lib/thumb/v7e-m+fp/hard\libc_nano.a
LOAD C:/ST/STM32CubeIDE_1.14.1/STM32CubeIDE/plugins/com.st.stm32cube.ide.mcu.externaltools.gnu-tools-for-stm32.11.3.rel1.win32_1.1.100.202309141235/tools/bin/../lib/gcc/arm-none-eabi/11.3.1/../../../../arm-none-eabi/lib/thumb/v7e-m+fp/hard\libnosys.a
END GROUP
START GROUP
LOAD C:/ST/STM32CubeIDE_1.14.1/STM32CubeIDE/plugins/com.st.stm32cube.ide.mcu.externaltools.gnu-tools-for-stm32.11.3.rel1.win32_1.1.100.202309141235/tools/bin/../lib/gcc/arm-none-eabi/11.3.1/thumb/v7e-m+fp/hard\libgcc.a
LOAD C:/ST/STM32CubeIDE_1.14.1/STM32CubeIDE/plugins/com.st.stm32cube.ide.mcu.externaltools.gnu-tools-for-stm32.11.3.rel1.win32_1.1.100.202309141235/tools/bin/../lib/gcc/arm-none-eabi/11.3.1/../../../../arm-none-eabi/lib/thumb/v7e-m+fp/hard\libc_nano.a
LOAD C:/ST/STM32CubeIDE_1.14.1/STM32CubeIDE/plugins/com.st.stm32cube.ide.mcu.externaltools.gnu-tools-for-stm32.11.3.rel1.win32_1.1.100.202309141235/tools/bin/../lib/gcc/arm-none-eabi/11.3.1/../../../../arm-none-eabi/lib/thumb/v7e-m+fp/hard\libnosys.a
END GROUP
LOAD C:/ST/STM32CubeIDE_1.14.1/STM32CubeIDE/plugins/com.st.stm32cube.ide.mcu.externaltools.gnu-tools-for-stm32.11.3.rel1.win32_1.1.100.202309141235/tools/bin/../lib/gcc/arm-none-eabi/11.3.1/thumb/v7e-m+fp/hard/crtend.o
LOAD C:/ST/STM32CubeIDE_1.14.1/STM32CubeIDE/plugins/com.st.stm32cube.ide.mcu.externaltools.gnu-tools-for-stm32.11.3.rel1.win32_1.1.100.202309141235/tools/bin/../lib/gcc/arm-none-eabi/11.3.1/thumb/v7e-m+fp/hard/crtn.o
                0x0000000020018000                _estack = (ORIGIN (RAM) + LENGTH (RAM))
                0x0000000000002000                _Min_Heap_Size = 0x2000
                0x0000000000004000                _Min_Stack_Size = 0x4000

.isr_vector     0x0000000008000000      0x188
                0x0000000008000000                . = ALIGN (0x4)
 *(.isr_vector)
 .isr_vector    0x0000000008000000      0x188 ./Core/Startup/startup_stm32l475vgtx.o
                0x0000000008000000                g_pfnVectors
                0x0000000008000188                . = ALIGN (0x4)

.text           0x0000000008000190     0xc658
                0x0000000008000190                . = ALIGN (0x4)
 *(.text)
 .text          0x0000000008000190       0x40 C:/ST/STM32CubeIDE_1.14.1/STM32CubeIDE/plugins/com.st.stm32cube.ide.mcu.externaltools.gnu-tools-for-stm32.11.3.rel1.win32_1.1.100.202309141235/tools/bin/../lib/gcc/arm-none-eabi/11.3.1/thumb/v7e-m+fp/hard/crtbegin.o
 .text          0x00000000080001d0       0xa0 C:/ST/STM32CubeIDE_1.14.1/STM32CubeIDE/plugins/com.st.stm32cube.ide.mcu.externaltools.gnu-tools-for-stm32.11.3.rel1.win32_1.1.100.202309141235/tools/bin/../lib/gcc/arm-none-eabi/11.3.1/../../../../arm-none-eabi/lib/thumb/v7e-m+fp/hard\libc_nano.a(libc_a-memchr.o)
                0x00000000080001d0                memchr
 .text          0x0000000008000270       0x10 C:/ST/STM32CubeIDE_1.14.1/STM32CubeIDE/plugins/com.st.stm32cube.ide.mcu.externaltools.gnu-tools-for-stm32.11.3.rel1.win32_1.1.100.202309141235/tools/bin/../lib/gcc/arm-none-eabi/11.3.1/../../../../arm-none-eabi/lib/thumb/v7e-m+fp/hard\libc_nano.a(libc_a-strlen.o)
                0x0000000008000270                strlen
 .text          0x0000000008000280      0x378 C:/ST/STM32CubeIDE_1.14.1/STM32CubeIDE/plugins/com.st.stm32cube.ide.mcu.externaltools.gnu-tools-for-stm32.11.3.rel1.win32_1.1.100.202309141235/tools/bin/../lib/gcc/arm-none-eabi/11.3.1/thumb/v7e-m+fp/hard\libgcc.a(_arm_addsubdf3.o)
                0x0000000008000280                __aeabi_drsub
                0x0000000008000288                __aeabi_dsub
                0x0000000008000288                __subdf3
                0x000000000800028c                __aeabi_dadd
                0x000000000800028c                __adddf3
                0x0000000008000504                __floatunsidf
                0x0000000008000504                __aeabi_ui2d
                0x0000000008000524                __floatsidf
                0x0000000008000524                __aeabi_i2d
                0x0000000008000548                __aeabi_f2d
                0x0000000008000548                __extendsfdf2
                0x000000000800058c                __floatundidf
                0x000000000800058c                __aeabi_ul2d
                0x000000000800059c                __floatdidf
                0x000000000800059c                __aeabi_l2d
 .text          0x00000000080005f8      0x424 C:/ST/STM32CubeIDE_1.14.1/STM32CubeIDE/plugins/com.st.stm32cube.ide.mcu.externaltools.gnu-tools-for-stm32.11.3.rel1.win32_1.1.100.202309141235/tools/bin/../lib/gcc/arm-none-eabi/11.3.1/thumb/v7e-m+fp/hard\libgcc.a(_arm_muldivdf3.o)
                0x00000000080005f8                __aeabi_dmul
                0x00000000080005f8                __muldf3
                0x000000000800084c                __divdf3
                0x000000000800084c                __aeabi_ddiv
 .text          0x0000000008000a1c      0x110 C:/ST/STM32CubeIDE_1.14.1/STM32CubeIDE/plugins/com.st.stm32cube.ide.mcu.externaltools.gnu-tools-for-stm32.11.3.rel1.win32_1.1.100.202309141235/tools/bin/../lib/gcc/arm-none-eabi/11.3.1/thumb/v7e-m+fp/hard\libgcc.a(_arm_cmpdf2.o)
                0x0000000008000a1c                __gtdf2
                0x0000000008000a1c                __gedf2
                0x0000000008000a24                __ltdf2
                0x0000000008000a24                __ledf2
                0x0000000008000a2c                __nedf2
                0x0000000008000a2c                __eqdf2
                0x0000000008000a2c                __cmpdf2
                0x0000000008000aa8                __aeabi_cdrcmple
                0x0000000008000ab8                __aeabi_cdcmpeq
                0x0000000008000ab8                __aeabi_cdcmple
                0x0000000008000ac8                __aeabi_dcmpeq
                0x0000000008000adc                __aeabi_dcmplt
                0x0000000008000af0                __aeabi_dcmple
                0x0000000008000b04                __aeabi_dcmpge
                0x0000000008000b18                __aeabi_dcmpgt
 .text          0x0000000008000b2c       0x2c C:/ST/STM32CubeIDE_1.14.1/STM32CubeIDE/plugins/com.st.stm32cube.ide.mcu.externaltools.gnu-tools-for-stm32.11.3.rel1.win32_1.1.100.202309141235/tools/bin/../lib/gcc/arm-none-eabi/11.3.1/thumb/v7e-m+fp/hard\libgcc.a(_arm_unorddf2.o)
                0x0000000008000b2c                __unorddf2
                0x0000000008000b2c                __aeabi_dcmpun
 .text          0x0000000008000b58       0x50 C:/ST/STM32CubeIDE_1.14.1/STM32CubeIDE/plugins/com.st.stm32cube.ide.mcu.externaltools.gnu-tools-for-stm32.11.3.rel1.win32_1.1.100.202309141235/tools/bin/../lib/gcc/arm-none-eabi/11.3.1/thumb/v7e-m+fp/hard\libgcc.a(_arm_fixdfsi.o)
                0x0000000008000b58                __aeabi_d2iz
                0x0000000008000b58                __fixdfsi
 .text          0x0000000008000ba8      0x21c C:/ST/STM32CubeIDE_1.14.1/STM32CubeIDE/plugins/com.st.stm32cube.ide.mcu.externaltools.gnu-tools-for-stm32.11.3.rel1.win32_1.1.100.202309141235/tools/bin/../lib/gcc/arm-none-eabi/11.3.1/thumb/v7e-m+fp/hard\libgcc.a(_arm_addsubsf3.o)
                0x0000000008000ba8                __aeabi_frsub
                0x0000000008000bb0                __subsf3
                0x0000000008000bb0                __aeabi_fsub
                0x0000000008000bb4                __aeabi_fadd
                0x0000000008000bb4                __addsf3
                0x0000000008000d14                __aeabi_ui2f
                0x0000000008000d14                __floatunsisf
                0x0000000008000d1c                __aeabi_i2f
                0x0000000008000d1c                __floatsisf
                0x0000000008000d38                __aeabi_ul2f
                0x0000000008000d38                __floatundisf
                0x0000000008000d48                __aeabi_l2f
                0x0000000008000d48                __floatdisf
 .text          0x0000000008000dc4       0x30 C:/ST/STM32CubeIDE_1.14.1/STM32CubeIDE/plugins/com.st.stm32cube.ide.mcu.externaltools.gnu-tools-for-stm32.11.3.rel1.win32_1.1.100.202309141235/tools/bin/../lib/gcc/arm-none-eabi/11.3.1/thumb/v7e-m+fp/hard\libgcc.a(_aeabi_uldivmod.o)
                0x0000000008000dc4                __aeabi_uldivmod
 .text          0x0000000008000df4       0x3c C:/ST/STM32CubeIDE_1.14.1/STM32CubeIDE/plugins/com.st.stm32cube.ide.mcu.externaltools.gnu-tools-for-stm32.11.3.rel1.win32_1.1.100.202309141235/tools/bin/../lib/gcc/arm-none-eabi/11.3.1/thumb/v7e-m+fp/hard\libgcc.a(_fixunsdfdi.o)
                0x0000000008000df4                __fixunsdfdi
                0x0000000008000df4                __aeabi_d2ulz
 .text          0x0000000008000e30      0x2c8 C:/ST/STM32CubeIDE_1.14.1/STM32CubeIDE/plugins/com.st.stm32cube.ide.mcu.externaltools.gnu-tools-for-stm32.11.3.rel1.win32_1.1.100.202309141235/tools/bin/../lib/gcc/arm-none-eabi/11.3.1/thumb/v7e-m+fp/hard\libgcc.a(_udivmoddi4.o)
                0x0000000008000e30                __udivmoddi4
 .text          0x00000000080010f8        0x4 C:/ST/STM32CubeIDE_1.14.1/STM32CubeIDE/plugins/com.st.stm32cube.ide.mcu.externaltools.gnu-tools-for-stm32.11.3.rel1.win32_1.1.100.202309141235/tools/bin/../lib/gcc/arm-none-eabi/11.3.1/thumb/v7e-m+fp/hard\libgcc.a(_dvmd_tls.o)
                0x00000000080010f8                __aeabi_idiv0
                0x00000000080010f8                __aeabi_ldiv0
 .text          0x00000000080010fc       0x40 C:/ST/STM32CubeIDE_1.14.1/STM32CubeIDE/plugins/com.st.stm32cube.ide.mcu.externaltools.gnu-tools-for-stm32.11.3.rel1.win32_1.1.100.202309141235/tools/bin/../lib/gcc/arm-none-eabi/11.3.1/thumb/v7e-m+fp/hard\libgcc.a(_arm_fixunsdfsi.o)
                0x00000000080010fc                __aeabi_d2uiz
                0x00000000080010fc                __fixunsdfsi
 *(.text*)
 .text.SystemClock_Config
                0x000000000800113c       0x76 ./Core/Src/main.o
                0x000000000800113c                SystemClock_Config
 *fill*         0x00000000080011b2        0x2 
 .text.startup.main
                0x00000000080011b4       0x2c ./Core/Src/main.o
                0x00000000080011b4                main
 .text.MX_USART1_UART_Init
                0x00000000080011e0       0x38 ./Core/Src/main.o
                0x00000000080011e0                MX_USART1_UART_Init
 .text.Error_Handler
                0x0000000008001218        0x4 ./Core/Src/main.o
                0x0000000008001218                Error_Handler
 .text.HAL_MspInit
                0x000000000800121c       0x30 ./Core/Src/stm32l4xx_hal_msp.o
                0x000000000800121c                HAL_MspInit
 .text.HAL_UART_MspInit
                0x000000000800124c       0x84 ./Core/Src/stm32l4xx_hal_msp.o
                0x000000000800124c                HAL_UART_MspInit
 .text.NMI_Handler
                0x00000000080012d0        0x2 ./Core/Src/stm32l4xx_it.o
                0x00000000080012d0                NMI_Handler
 .text.HardFault_Handler
                0x00000000080012d2        0x2 ./Core/Src/stm32l4xx_it.o
                0x00000000080012d2                HardFault_Handler
 .text.MemManage_Handler
                0x00000000080012d4        0x2 ./Core/Src/stm32l4xx_it.o
                0x00000000080012d4                MemManage_Handler
 .text.BusFault_Handler
                0x00000000080012d6        0x2 ./Core/Src/stm32l4xx_it.o
                0x00000000080012d6                BusFault_Handler
 .text.UsageFault_Handler
                0x00000000080012d8        0x2 ./Core/Src/stm32l4xx_it.o
                0x00000000080012d8                UsageFault_Handler
 .text.SVC_Handler
                0x00000000080012da        0x2 ./Core/Src/stm32l4xx_it.o
                0x00000000080012da                SVC_Handler
 .text.DebugMon_Handler
                0x00000000080012dc        0x2 ./Core/Src/stm32l4xx_it.o
                0x00000000080012dc                DebugMon_Handler
 .text.PendSV_Handler
                0x00000000080012de        0x2 ./Core/Src/stm32l4xx_it.o
                0x00000000080012de                PendSV_Handler
 .text.SysTick_Handler
                0x00000000080012e0        0x4 ./Core/Src/stm32l4xx_it.o
                0x00000000080012e0                SysTick_Handler
 .text._sbrk    0x00000000080012e4       0x40 ./Core/Src/sysmem.o
                0x00000000080012e4                _sbrk
 .text.SystemInit
                0x0000000008001324       0x14 ./Core/Src/system_stm32l4xx.o
                0x0000000008001324                SystemInit
 .text.Reset_Handler
                0x0000000008001338       0x50 ./Core/Startup/startup_stm32l475vgtx.o
                0x0000000008001338                Reset_Handler
 .text.Default_Handler
                0x0000000008001388        0x2 ./Core/Startup/startup_stm32l475vgtx.o
                0x0000000008001388                RTC_Alarm_IRQHandler
                0x0000000008001388                EXTI2_IRQHandler
                0x0000000008001388                TIM8_TRG_COM_IRQHandler
                0x0000000008001388                TIM8_CC_IRQHandler
                0x0000000008001388                TIM1_CC_IRQHandler
                0x0000000008001388                TSC_IRQHandler
                0x0000000008001388                TAMP_STAMP_IRQHandler
                0x0000000008001388                EXTI3_IRQHandler
                0x0000000008001388                LPTIM2_IRQHandler
                0x0000000008001388                DFSDM1_FLT1_IRQHandler
                0x0000000008001388                I2C3_ER_IRQHandler
                0x0000000008001388                DFSDM1_FLT2_IRQHandler
                0x0000000008001388                EXTI0_IRQHandler
                0x0000000008001388                I2C2_EV_IRQHandler
                0x0000000008001388                CAN1_RX0_IRQHandler
                0x0000000008001388                FPU_IRQHandler
                0x0000000008001388                TIM1_UP_TIM16_IRQHandler
                0x0000000008001388                ADC1_2_IRQHandler
                0x0000000008001388                SPI1_IRQHandler
                0x0000000008001388                TIM6_DAC_IRQHandler
                0x0000000008001388                TIM8_UP_IRQHandler
                0x0000000008001388                DMA2_Channel2_IRQHandler
                0x0000000008001388                DMA1_Channel4_IRQHandler
                0x0000000008001388                SAI2_IRQHandler
                0x0000000008001388                DFSDM1_FLT3_IRQHandler
                0x0000000008001388                USART3_IRQHandler
                0x0000000008001388                DMA1_Channel7_IRQHandler
                0x0000000008001388                CAN1_RX1_IRQHandler
                0x0000000008001388                UART5_IRQHandler
                0x0000000008001388                ADC3_IRQHandler
                0x0000000008001388                TIM4_IRQHandler
                0x0000000008001388                DMA2_Channel1_IRQHandler
                0x0000000008001388                QUADSPI_IRQHandler
                0x0000000008001388                I2C1_EV_IRQHandler
                0x0000000008001388                DMA1_Channel6_IRQHandler
                0x0000000008001388                UART4_IRQHandler
                0x0000000008001388                DMA2_Channel4_IRQHandler
                0x0000000008001388                TIM3_IRQHandler
                0x0000000008001388                RCC_IRQHandler
                0x0000000008001388                DMA1_Channel1_IRQHandler
                0x0000000008001388                Default_Handler
                0x0000000008001388                DMA2_Channel7_IRQHandler
                0x0000000008001388                EXTI15_10_IRQHandler
                0x0000000008001388                TIM7_IRQHandler
                0x0000000008001388                SDMMC1_IRQHandler
                0x0000000008001388                TIM5_IRQHandler
                0x0000000008001388                I2C3_EV_IRQHandler
                0x0000000008001388                EXTI9_5_IRQHandler
                0x0000000008001388                RTC_WKUP_IRQHandler
                0x0000000008001388                PVD_PVM_IRQHandler
                0x0000000008001388                SPI2_IRQHandler
                0x0000000008001388                CAN1_TX_IRQHandler
                0x0000000008001388                DMA2_Channel5_IRQHandler
                0x0000000008001388                DMA1_Channel5_IRQHandler
                0x0000000008001388                EXTI4_IRQHandler
                0x0000000008001388                RNG_IRQHandler
                0x0000000008001388                TIM1_TRG_COM_TIM17_IRQHandler
                0x0000000008001388                DMA1_Channel3_IRQHandler
                0x0000000008001388                COMP_IRQHandler
                0x0000000008001388                WWDG_IRQHandler
                0x0000000008001388                LPUART1_IRQHandler
                0x0000000008001388                DMA2_Channel6_IRQHandler
                0x0000000008001388                TIM2_IRQHandler
                0x0000000008001388                EXTI1_IRQHandler
                0x0000000008001388                USART2_IRQHandler
                0x0000000008001388                DFSDM1_FLT0_IRQHandler
                0x0000000008001388                I2C2_ER_IRQHandler
                0x0000000008001388                DMA1_Channel2_IRQHandler
                0x0000000008001388                TIM8_BRK_IRQHandler
                0x0000000008001388                CAN1_SCE_IRQHandler
                0x0000000008001388                FLASH_IRQHandler
                0x0000000008001388                USART1_IRQHandler
                0x0000000008001388                OTG_FS_IRQHandler
                0x0000000008001388                SPI3_IRQHandler
                0x0000000008001388                I2C1_ER_IRQHandler
                0x0000000008001388                FMC_IRQHandler
                0x0000000008001388                SWPMI1_IRQHandler
                0x0000000008001388                LPTIM1_IRQHandler
                0x0000000008001388                SAI1_IRQHandler
                0x0000000008001388                DMA2_Channel3_IRQHandler
                0x0000000008001388                TIM1_BRK_TIM15_IRQHandler
 *fill*         0x000000000800138a        0x2 
 .text.HAL_InitTick
                0x000000000800138c       0x4c ./Drivers/STM32L4xx_HAL_Driver/Src/stm32l4xx_hal.o
                0x000000000800138c                HAL_InitTick
 .text.HAL_Init
                0x00000000080013d8       0x1e ./Drivers/STM32L4xx_HAL_Driver/Src/stm32l4xx_hal.o
                0x00000000080013d8                HAL_Init
 *fill*         0x00000000080013f6        0x2 
 .text.HAL_IncTick
                0x00000000080013f8       0x18 ./Drivers/STM32L4xx_HAL_Driver/Src/stm32l4xx_hal.o
                0x00000000080013f8                HAL_IncTick
 .text.HAL_GetTick
                0x0000000008001410        0xc ./Drivers/STM32L4xx_HAL_Driver/Src/stm32l4xx_hal.o
                0x0000000008001410                HAL_GetTick
 .text.HAL_Delay
                0x000000000800141c       0x28 ./Drivers/STM32L4xx_HAL_Driver/Src/stm32l4xx_hal.o
                0x000000000800141c                HAL_Delay
 .text.HAL_GetHalVersion
                0x0000000008001444        0x8 ./Drivers/STM32L4xx_HAL_Driver/Src/stm32l4xx_hal.o
                0x0000000008001444                HAL_GetHalVersion
 .text.HAL_GetREVID
                0x000000000800144c        0xc ./Drivers/STM32L4xx_HAL_Driver/Src/stm32l4xx_hal.o
                0x000000000800144c                HAL_GetREVID
 .text.HAL_GetDEVID
                0x0000000008001458       0x10 ./Drivers/STM32L4xx_HAL_Driver/Src/stm32l4xx_hal.o
                0x0000000008001458                HAL_GetDEVID
 .text.HAL_NVIC_SetPriorityGrouping
                0x0000000008001468       0x24 ./Drivers/STM32L4xx_HAL_Driver/Src/stm32l4xx_hal_cortex.o
                0x0000000008001468                HAL_NVIC_SetPriorityGrouping
 .text.HAL_NVIC_SetPriority
                0x000000000800148c       0x64 ./Drivers/STM32L4xx_HAL_Driver/Src/stm32l4xx_hal_cortex.o
                0x000000000800148c                HAL_NVIC_SetPriority
 .text.HAL_SYSTICK_Config
                0x00000000080014f0       0x28 ./Drivers/STM32L4xx_HAL_Driver/Src/stm32l4xx_hal_cortex.o
                0x00000000080014f0                HAL_SYSTICK_Config
 .text.HAL_GPIO_Init
                0x0000000008001518      0x1bc ./Drivers/STM32L4xx_HAL_Driver/Src/stm32l4xx_hal_gpio.o
                0x0000000008001518                HAL_GPIO_Init
 .text.HAL_PWREx_GetVoltageRange
                0x00000000080016d4       0x10 ./Drivers/STM32L4xx_HAL_Driver/Src/stm32l4xx_hal_pwr_ex.o
                0x00000000080016d4                HAL_PWREx_GetVoltageRange
 .text.HAL_PWREx_ControlVoltageScaling
                0x00000000080016e4       0x6c ./Drivers/STM32L4xx_HAL_Driver/Src/stm32l4xx_hal_pwr_ex.o
                0x00000000080016e4                HAL_PWREx_ControlVoltageScaling
 .text.RCC_SetFlashLatencyFromMSIRange
                0x0000000008001750       0x84 ./Drivers/STM32L4xx_HAL_Driver/Src/stm32l4xx_hal_rcc.o
 .text.HAL_RCC_GetSysClockFreq
                0x00000000080017d4       0x9c ./Drivers/STM32L4xx_HAL_Driver/Src/stm32l4xx_hal_rcc.o
                0x00000000080017d4                HAL_RCC_GetSysClockFreq
 .text.HAL_RCC_OscConfig
                0x0000000008001870      0x500 ./Drivers/STM32L4xx_HAL_Driver/Src/stm32l4xx_hal_rcc.o
                0x0000000008001870                HAL_RCC_OscConfig
 .text.HAL_RCC_ClockConfig
                0x0000000008001d70      0x154 ./Drivers/STM32L4xx_HAL_Driver/Src/stm32l4xx_hal_rcc.o
                0x0000000008001d70                HAL_RCC_ClockConfig
 .text.HAL_RCC_GetHCLKFreq
                0x0000000008001ec4        0xc ./Drivers/STM32L4xx_HAL_Driver/Src/stm32l4xx_hal_rcc.o
                0x0000000008001ec4                HAL_RCC_GetHCLKFreq
 .text.HAL_RCC_GetPCLK1Freq
                0x0000000008001ed0       0x24 ./Drivers/STM32L4xx_HAL_Driver/Src/stm32l4xx_hal_rcc.o
                0x0000000008001ed0                HAL_RCC_GetPCLK1Freq
 .text.HAL_RCC_GetPCLK2Freq
                0x0000000008001ef4       0x24 ./Drivers/STM32L4xx_HAL_Driver/Src/stm32l4xx_hal_rcc.o
                0x0000000008001ef4                HAL_RCC_GetPCLK2Freq
 .text.RCCEx_PLLSAI1_Config
                0x0000000008001f18      0x110 ./Drivers/STM32L4xx_HAL_Driver/Src/stm32l4xx_hal_rcc_ex.o
 .text.RCCEx_PLLSAI2_Config
                0x0000000008002028       0xf4 ./Drivers/STM32L4xx_HAL_Driver/Src/stm32l4xx_hal_rcc_ex.o
 .text.HAL_RCCEx_PeriphCLKConfig
                0x000000000800211c      0x3d4 ./Drivers/STM32L4xx_HAL_Driver/Src/stm32l4xx_hal_rcc_ex.o
                0x000000000800211c                HAL_RCCEx_PeriphCLKConfig
 .text.UART_EndRxTransfer
                0x00000000080024f0       0x50 ./Drivers/STM32L4xx_HAL_Driver/Src/stm32l4xx_hal_uart.o
 .text.UART_SetConfig
                0x0000000008002540      0x284 ./Drivers/STM32L4xx_HAL_Driver/Src/stm32l4xx_hal_uart.o
                0x0000000008002540                UART_SetConfig
 .text.UART_AdvFeatureConfig
                0x00000000080027c4       0xa8 ./Drivers/STM32L4xx_HAL_Driver/Src/stm32l4xx_hal_uart.o
                0x00000000080027c4                UART_AdvFeatureConfig
 .text.UART_WaitOnFlagUntilTimeout
                0x000000000800286c       0x90 ./Drivers/STM32L4xx_HAL_Driver/Src/stm32l4xx_hal_uart.o
                0x000000000800286c                UART_WaitOnFlagUntilTimeout
 .text.HAL_UART_Transmit
                0x00000000080028fc       0xa4 ./Drivers/STM32L4xx_HAL_Driver/Src/stm32l4xx_hal_uart.o
                0x00000000080028fc                HAL_UART_Transmit
 .text.HAL_UART_Receive
                0x00000000080029a0       0xda ./Drivers/STM32L4xx_HAL_Driver/Src/stm32l4xx_hal_uart.o
                0x00000000080029a0                HAL_UART_Receive
 .text.UART_CheckIdleState
                0x0000000008002a7a       0xb4 ./Drivers/STM32L4xx_HAL_Driver/Src/stm32l4xx_hal_uart.o
                0x0000000008002a7a                UART_CheckIdleState
 .text.HAL_UART_Init
                0x0000000008002b2e       0x5c ./Drivers/STM32L4xx_HAL_Driver/Src/stm32l4xx_hal_uart.o
                0x0000000008002b2e                HAL_UART_Init
 *fill*         0x0000000008002b8a        0x2 
 .text.write_callback
                0x0000000008002b8c       0x40 ./X-CUBE-AI/App/aiPbIO.o
 .text.read_callback
                0x0000000008002bcc       0x94 ./X-CUBE-AI/App/aiPbIO.o
 .text.pb_io_flush_ostream
                0x0000000008002c60       0x20 ./X-CUBE-AI/App/aiPbIO.o
                0x0000000008002c60                pb_io_flush_ostream
 .text.pb_io_flush_istream
                0x0000000008002c80       0x18 ./X-CUBE-AI/App/aiPbIO.o
                0x0000000008002c80                pb_io_flush_istream
 .text.pb_io_ostream
                0x0000000008002c98       0x18 ./X-CUBE-AI/App/aiPbIO.o
                0x0000000008002c98                pb_io_ostream
 .text.pb_io_istream
                0x0000000008002cb0       0x14 ./X-CUBE-AI/App/aiPbIO.o
                0x0000000008002cb0                pb_io_istream
 .text.pb_io_stream_init
                0x0000000008002cc4        0xa ./X-CUBE-AI/App/aiPbIO.o
                0x0000000008002cc4                pb_io_stream_init
 .text.encode_uint32
                0x0000000008002cce       0x56 ./X-CUBE-AI/App/aiPbMgr.o
                0x0000000008002cce                encode_uint32
 .text.encode_data_cb
                0x0000000008002d24       0x1e ./X-CUBE-AI/App/aiPbMgr.o
                0x0000000008002d24                encode_data_cb
 .text.decode_data_cb
                0x0000000008002d42       0x3e ./X-CUBE-AI/App/aiPbMgr.o
 .text.aiPbMgrInit
                0x0000000008002d80       0x74 ./X-CUBE-AI/App/aiPbMgr.o
                0x0000000008002d80                aiPbMgrInit
 .text.aiPbStrCopy
                0x0000000008002df4       0x4c ./X-CUBE-AI/App/aiPbMgr.o
                0x0000000008002df4                aiPbStrCopy
 .text.encode_tensor_desc
                0x0000000008002e40       0x68 ./X-CUBE-AI/App/aiPbMgr.o
                0x0000000008002e40                encode_tensor_desc
 .text.aiPbMgrSendResp
                0x0000000008002ea8       0x24 ./X-CUBE-AI/App/aiPbMgr.o
                0x0000000008002ea8                aiPbMgrSendResp
 .text.aiPbMgrWaitAndProcess
                0x0000000008002ecc       0x84 ./X-CUBE-AI/App/aiPbMgr.o
                0x0000000008002ecc                aiPbMgrWaitAndProcess
 .text.aiPbMgrSendAck
                0x0000000008002f50       0x14 ./X-CUBE-AI/App/aiPbMgr.o
                0x0000000008002f50                aiPbMgrSendAck
 .text.aiPbMgrWaitAck
                0x0000000008002f64       0x2c ./X-CUBE-AI/App/aiPbMgr.o
                0x0000000008002f64                aiPbMgrWaitAck
 .text.aiPbMgrSendLogV2
                0x0000000008002f90       0x70 ./X-CUBE-AI/App/aiPbMgr.o
                0x0000000008002f90                aiPbMgrSendLogV2
 .text.aiPbMgrReceiveData
                0x0000000008003000       0x34 ./X-CUBE-AI/App/aiPbMgr.o
                0x0000000008003000                aiPbMgrReceiveData
 .text.aiPbMgrSendOperator
                0x0000000008003034       0x74 ./X-CUBE-AI/App/aiPbMgr.o
                0x0000000008003034                aiPbMgrSendOperator
 .text.aiPbCmdSync
                0x00000000080030a8       0x22 ./X-CUBE-AI/App/aiPbMgr.o
                0x00000000080030a8                aiPbCmdSync
 *fill*         0x00000000080030ca        0x2 
 .text._aiPrintDataInfo
                0x00000000080030cc       0x30 ./X-CUBE-AI/App/aiTestHelper.o
 .text.aiPlatformVersion
                0x00000000080030fc       0x2c ./X-CUBE-AI/App/aiTestHelper.o
                0x00000000080030fc                aiPlatformVersion
 .text.aiLogErr
                0x0000000008003128       0x2c ./X-CUBE-AI/App/aiTestHelper.o
                0x0000000008003128                aiLogErr
 .text.aiPrintBufferInfo
                0x0000000008003154      0x1f0 ./X-CUBE-AI/App/aiTestHelper.o
                0x0000000008003154                aiPrintBufferInfo
 .text.aiPrintNetworkInfo
                0x0000000008003344      0x148 ./X-CUBE-AI/App/aiTestHelper.o
                0x0000000008003344                aiPrintNetworkInfo
 .text._put_c_buffer_cb
                0x000000000800348c       0x1c ./X-CUBE-AI/App/aiTestUtility.o
 .text._put_c_driver
                0x00000000080034a8       0x2c ./X-CUBE-AI/App/aiTestUtility.o
 .text.ioRawWriteBuffer
                0x00000000080034d4       0x1c ./X-CUBE-AI/App/aiTestUtility.o
                0x00000000080034d4                ioRawWriteBuffer
 .text.ioRawReadBuffer
                0x00000000080034f0       0x1c ./X-CUBE-AI/App/aiTestUtility.o
                0x00000000080034f0                ioRawReadBuffer
 .text.ioRawDisableLLWrite
                0x000000000800350c        0xc ./X-CUBE-AI/App/aiTestUtility.o
                0x000000000800350c                ioRawDisableLLWrite
 .text._write   0x0000000008003518       0x40 ./X-CUBE-AI/App/aiTestUtility.o
                0x0000000008003518                _write
 .text.uint64ToDecimal
                0x0000000008003558       0x30 ./X-CUBE-AI/App/aiTestUtility.o
                0x0000000008003558                uint64ToDecimal
 .text.lc_print
                0x0000000008003588       0x24 ./X-CUBE-AI/App/aiTestUtility.o
                0x0000000008003588                lc_print
 .text.lc_vsnprint
                0x00000000080035ac       0x20 ./X-CUBE-AI/App/aiTestUtility.o
                0x00000000080035ac                lc_vsnprint
 .text.__wrap_malloc
                0x00000000080035cc       0x50 ./X-CUBE-AI/App/aiTestUtility.o
                0x00000000080035cc                __wrap_malloc
 .text.__wrap_free
                0x000000000800361c       0x50 ./X-CUBE-AI/App/aiTestUtility.o
                0x000000000800361c                __wrap_free
 .text.stackMonInit
                0x000000000800366c       0x58 ./X-CUBE-AI/App/aiTestUtility.o
                0x000000000800366c                stackMonInit
 .text.dwtCyclesToTime
                0x00000000080036c4       0x78 ./X-CUBE-AI/App/aiTestUtility.o
                0x00000000080036c4                dwtCyclesToTime
 .text.dwtCyclesToFloatMs
                0x000000000800373c       0x3c ./X-CUBE-AI/App/aiTestUtility.o
                0x000000000800373c                dwtCyclesToFloatMs
 .text.getFlashCacheConf
                0x0000000008003778       0x3c ./X-CUBE-AI/App/aiTestUtility.o
                0x0000000008003778                getFlashCacheConf
 .text.getSysConf.part.0
                0x00000000080037b4       0x24 ./X-CUBE-AI/App/aiTestUtility.o
 .text.getSysConf
                0x00000000080037d8        0x8 ./X-CUBE-AI/App/aiTestUtility.o
                0x00000000080037d8                getSysConf
 .text.systemSettingLog
                0x00000000080037e0      0x12c ./X-CUBE-AI/App/aiTestUtility.o
                0x00000000080037e0                systemSettingLog
 .text._mon_alloc_reset
                0x000000000800390c       0x24 ./X-CUBE-AI/App/aiValidation.o
 .text.aiPbCmdSysInfo
                0x0000000008003930       0x44 ./X-CUBE-AI/App/aiValidation.o
                0x0000000008003930                aiPbCmdSysInfo
 .text.encode_mempool_to_tensor_desc
                0x0000000008003974       0x4c ./X-CUBE-AI/App/aiValidation.o
 .text.fill_tensor_desc_msg
                0x00000000080039c0       0xa4 ./X-CUBE-AI/App/aiValidation.o
 .text.encode_ai_buffer_to_tensor_desc
                0x0000000008003a64       0x22 ./X-CUBE-AI/App/aiValidation.o
 *fill*         0x0000000008003a86        0x2 
 .text.cyclesCounterStart
                0x0000000008003a88       0x20 ./X-CUBE-AI/App/aiValidation.o
 .text.cyclesCounterEnd
                0x0000000008003aa8       0x4c ./X-CUBE-AI/App/aiValidation.o
 .text._get_buffer_size
                0x0000000008003af4       0x1a ./X-CUBE-AI/App/aiValidation.o
 *fill*         0x0000000008003b0e        0x2 
 .text.aiExecCtx
                0x0000000008003b10       0x54 ./X-CUBE-AI/App/aiValidation.o
 .text.send_ai_io_tensor.isra.0
                0x0000000008003b64       0x74 ./X-CUBE-AI/App/aiValidation.o
 .text.aiOnExecNode_cb
                0x0000000008003bd8      0x1bc ./X-CUBE-AI/App/aiValidation.o
 .text.aiPbCmdNNInfo
                0x0000000008003d94      0x1ec ./X-CUBE-AI/App/aiValidation.o
                0x0000000008003d94                aiPbCmdNNInfo
 .text._print_debug
                0x0000000008003f80       0x48 ./X-CUBE-AI/App/aiValidation.o
                0x0000000008003f80                _print_debug
 .text.aiPbCmdNNRun
                0x0000000008003fc8      0x4d0 ./X-CUBE-AI/App/aiValidation.o
                0x0000000008003fc8                aiPbCmdNNRun
 .text.aiValidationInit
                0x0000000008004498       0x8c ./X-CUBE-AI/App/aiValidation.o
                0x0000000008004498                aiValidationInit
 .text.aiValidationProcess
                0x0000000008004524      0x1ec ./X-CUBE-AI/App/aiValidation.o
                0x0000000008004524                aiValidationProcess
 .text.port_dwt_init_imp
                0x0000000008004710       0x28 ./X-CUBE-AI/App/ai_device_adaptor.o
                0x0000000008004710                port_dwt_init_imp
 .text.ai_mnetwork_handle
                0x0000000008004738       0x1c ./X-CUBE-AI/App/app_x-cube-ai.o
 .text.ai_mnetwork_is_valid.constprop.0
                0x0000000008004754       0x28 ./X-CUBE-AI/App/app_x-cube-ai.o
 .text.MX_X_CUBE_AI_Init
                0x000000000800477c        0xe ./X-CUBE-AI/App/app_x-cube-ai.o
                0x000000000800477c                MX_X_CUBE_AI_Init
 .text.MX_X_CUBE_AI_Process
                0x000000000800478a        0x4 ./X-CUBE-AI/App/app_x-cube-ai.o
                0x000000000800478a                MX_X_CUBE_AI_Process
 *fill*         0x000000000800478e        0x2 
 .text.ai_mnetwork_find
                0x0000000008004790       0x1c ./X-CUBE-AI/App/app_x-cube-ai.o
                0x0000000008004790                ai_mnetwork_find
 .text.ai_mnetwork_create
                0x00000000080047ac       0x54 ./X-CUBE-AI/App/app_x-cube-ai.o
                0x00000000080047ac                ai_mnetwork_create
 .text.ai_mnetwork_destroy
                0x0000000008004800       0x30 ./X-CUBE-AI/App/app_x-cube-ai.o
                0x0000000008004800                ai_mnetwork_destroy
 .text.ai_mnetwork_get_report
                0x0000000008004830       0x16 ./X-CUBE-AI/App/app_x-cube-ai.o
                0x0000000008004830                ai_mnetwork_get_report
 .text.ai_mnetwork_get_error
                0x0000000008004846       0x1a ./X-CUBE-AI/App/app_x-cube-ai.o
                0x0000000008004846                ai_mnetwork_get_error
 .text.ai_mnetwork_init
                0x0000000008004860       0x3e ./X-CUBE-AI/App/app_x-cube-ai.o
                0x0000000008004860                ai_mnetwork_init
 .text.ai_mnetwork_run
                0x000000000800489e       0x22 ./X-CUBE-AI/App/app_x-cube-ai.o
                0x000000000800489e                ai_mnetwork_run
 .text.ai_mnetwork_get_private_handle
                0x00000000080048c0       0x34 ./X-CUBE-AI/App/app_x-cube-ai.o
                0x00000000080048c0                ai_mnetwork_get_private_handle
 .text._write_number
                0x00000000080048f4      0x128 ./X-CUBE-AI/App/lc_print.o
 .text.vlc_print
                0x0000000008004a1c      0x4d0 ./X-CUBE-AI/App/lc_print.o
                0x0000000008004a1c                vlc_print
 .text.ai_network_get_report
                0x0000000008004eec       0xa4 ./X-CUBE-AI/App/network.o
                0x0000000008004eec                ai_network_get_report
 .text.ai_network_get_error
                0x0000000008004f90        0x4 ./X-CUBE-AI/App/network.o
                0x0000000008004f90                ai_network_get_error
 .text.ai_network_create
                0x0000000008004f94       0x1c ./X-CUBE-AI/App/network.o
                0x0000000008004f94                ai_network_create
 .text.ai_network_destroy
                0x0000000008004fb0        0x4 ./X-CUBE-AI/App/network.o
                0x0000000008004fb0                ai_network_destroy
 .text.ai_network_init
                0x0000000008004fb4      0x274 ./X-CUBE-AI/App/network.o
                0x0000000008004fb4                ai_network_init
 .text.ai_network_run
                0x0000000008005228        0x4 ./X-CUBE-AI/App/network.o
                0x0000000008005228                ai_network_run
 .text.ai_network_forward
                0x000000000800522c        0x6 ./X-CUBE-AI/App/network.o
                0x000000000800522c                ai_network_forward
 *fill*         0x0000000008005232        0x2 
 .text.ai_network_data_params_get
                0x0000000008005234       0x30 ./X-CUBE-AI/App/network_data.o
                0x0000000008005234                ai_network_data_params_get
 .text.pb_field_iter_begin
                0x0000000008005264       0x22 ./X-CUBE-AI/App/pb_common.o
                0x0000000008005264                pb_field_iter_begin
 .text.pb_field_iter_next
                0x0000000008005286       0x7c ./X-CUBE-AI/App/pb_common.o
                0x0000000008005286                pb_field_iter_next
 .text.pb_field_iter_find
                0x0000000008005302       0x2e ./X-CUBE-AI/App/pb_common.o
                0x0000000008005302                pb_field_iter_find
 .text.buf_read
                0x0000000008005330       0x1e ./X-CUBE-AI/App/pb_decode.o
 .text.pb_field_set_to_default
                0x000000000800534e       0xb4 ./X-CUBE-AI/App/pb_decode.o
 .text.pb_message_set_to_defaults
                0x0000000008005402       0x22 ./X-CUBE-AI/App/pb_decode.o
 .text.pb_readbyte
                0x0000000008005424       0x1e ./X-CUBE-AI/App/pb_decode.o
 .text.pb_decode_varint32_eof
                0x0000000008005442       0x8a ./X-CUBE-AI/App/pb_decode.o
 .text.pb_read  0x00000000080054cc       0x58 ./X-CUBE-AI/App/pb_decode.o
                0x00000000080054cc                pb_read
 .text.pb_decode_varint32
                0x0000000008005524        0x6 ./X-CUBE-AI/App/pb_decode.o
                0x0000000008005524                pb_decode_varint32
 .text.pb_dec_fixed_length_bytes
                0x000000000800552a       0x40 ./X-CUBE-AI/App/pb_decode.o
 .text.pb_dec_string
                0x000000000800556a       0x42 ./X-CUBE-AI/App/pb_decode.o
 .text.pb_dec_bytes
                0x00000000080055ac       0x44 ./X-CUBE-AI/App/pb_decode.o
 .text.pb_decode_varint
                0x00000000080055f0       0x5a ./X-CUBE-AI/App/pb_decode.o
                0x00000000080055f0                pb_decode_varint
 .text.pb_dec_uvarint
                0x000000000800564a       0x5a ./X-CUBE-AI/App/pb_decode.o
 .text.pb_dec_varint
                0x00000000080056a4       0x56 ./X-CUBE-AI/App/pb_decode.o
 .text.pb_decode_tag
                0x00000000080056fa       0x34 ./X-CUBE-AI/App/pb_decode.o
                0x00000000080056fa                pb_decode_tag
 .text.pb_skip_field
                0x000000000800572e       0x50 ./X-CUBE-AI/App/pb_decode.o
                0x000000000800572e                pb_skip_field
 .text.pb_make_string_substream
                0x000000000800577e       0x30 ./X-CUBE-AI/App/pb_decode.o
                0x000000000800577e                pb_make_string_substream
 .text.pb_close_string_substream
                0x00000000080057ae       0x20 ./X-CUBE-AI/App/pb_decode.o
                0x00000000080057ae                pb_close_string_substream
 *fill*         0x00000000080057ce        0x2 
 .text.decode_field
                0x00000000080057d0      0x1b4 ./X-CUBE-AI/App/pb_decode.o
 .text.pb_decode_noinit
                0x0000000008005984      0x1ee ./X-CUBE-AI/App/pb_decode.o
                0x0000000008005984                pb_decode_noinit
 .text.pb_decode
                0x0000000008005b72       0x20 ./X-CUBE-AI/App/pb_decode.o
                0x0000000008005b72                pb_decode
 .text.pb_dec_submessage
                0x0000000008005b92       0x46 ./X-CUBE-AI/App/pb_decode.o
 .text.pb_decode_delimited
                0x0000000008005bd8       0x30 ./X-CUBE-AI/App/pb_decode.o
                0x0000000008005bd8                pb_decode_delimited
 .text.pb_decode_svarint
                0x0000000008005c08       0x2a ./X-CUBE-AI/App/pb_decode.o
                0x0000000008005c08                pb_decode_svarint
 .text.pb_dec_svarint
                0x0000000008005c32       0x58 ./X-CUBE-AI/App/pb_decode.o
 .text.pb_decode_fixed32
                0x0000000008005c8a       0x18 ./X-CUBE-AI/App/pb_decode.o
                0x0000000008005c8a                pb_decode_fixed32
 .text.pb_dec_fixed32
                0x0000000008005ca2        0x6 ./X-CUBE-AI/App/pb_decode.o
 .text.pb_decode_fixed64
                0x0000000008005ca8       0x1a ./X-CUBE-AI/App/pb_decode.o
                0x0000000008005ca8                pb_decode_fixed64
 .text.pb_dec_fixed64
                0x0000000008005cc2        0x6 ./X-CUBE-AI/App/pb_decode.o
 .text.pb_check_proto3_default_value
                0x0000000008005cc8       0x92 ./X-CUBE-AI/App/pb_encode.o
 .text.pb_write
                0x0000000008005d5a       0x2a ./X-CUBE-AI/App/pb_encode.o
                0x0000000008005d5a                pb_write
 .text.pb_encode_varint
                0x0000000008005d84       0x56 ./X-CUBE-AI/App/pb_encode.o
                0x0000000008005d84                pb_encode_varint
 .text.pb_enc_uvarint
                0x0000000008005dda       0x2e ./X-CUBE-AI/App/pb_encode.o
 .text.pb_enc_varint
                0x0000000008005e08       0x32 ./X-CUBE-AI/App/pb_encode.o
 .text.pb_encode_svarint
                0x0000000008005e3a       0x12 ./X-CUBE-AI/App/pb_encode.o
                0x0000000008005e3a                pb_encode_svarint
 .text.pb_enc_svarint
                0x0000000008005e4c       0x32 ./X-CUBE-AI/App/pb_encode.o
 .text.pb_encode_fixed32
                0x0000000008005e7e       0x16 ./X-CUBE-AI/App/pb_encode.o
                0x0000000008005e7e                pb_encode_fixed32
 .text.pb_enc_fixed32
                0x0000000008005e94        0x6 ./X-CUBE-AI/App/pb_encode.o
 .text.pb_encode_fixed64
                0x0000000008005e9a       0x2c ./X-CUBE-AI/App/pb_encode.o
                0x0000000008005e9a                pb_encode_fixed64
 .text.pb_enc_fixed64
                0x0000000008005ec6        0x6 ./X-CUBE-AI/App/pb_encode.o
 .text.pb_encode_tag
                0x0000000008005ecc        0xc ./X-CUBE-AI/App/pb_encode.o
                0x0000000008005ecc                pb_encode_tag
 .text.pb_encode_tag_for_field
                0x0000000008005ed8       0x32 ./X-CUBE-AI/App/pb_encode.o
                0x0000000008005ed8                pb_encode_tag_for_field
 *fill*         0x0000000008005f0a        0x2 
 .text.encode_field
                0x0000000008005f0c      0x1cc ./X-CUBE-AI/App/pb_encode.o
 .text.pb_encode
                0x00000000080060d8       0x68 ./X-CUBE-AI/App/pb_encode.o
                0x00000000080060d8                pb_encode
 .text.pb_encode_string
                0x0000000008006140       0x24 ./X-CUBE-AI/App/pb_encode.o
                0x0000000008006140                pb_encode_string
 .text.pb_enc_fixed_length_bytes
                0x0000000008006164        0xa ./X-CUBE-AI/App/pb_encode.o
 .text.pb_enc_string
                0x000000000800616e       0x2c ./X-CUBE-AI/App/pb_encode.o
 .text.pb_enc_bytes
                0x000000000800619a       0x2c ./X-CUBE-AI/App/pb_encode.o
 .text.pb_encode_submessage
                0x00000000080061c6       0x78 ./X-CUBE-AI/App/pb_encode.o
                0x00000000080061c6                pb_encode_submessage
 .text.pb_enc_submessage
                0x000000000800623e        0xc ./X-CUBE-AI/App/pb_encode.o
 *fill*         0x000000000800624a        0x2 
 .text.stai_runtime_get_info
                0x000000000800624c       0x30 ../Middlewares/ST/AI/Lib\NetworkRuntime910_CM4_GCC.a(stai_internal.o)
                0x000000000800624c                stai_runtime_get_info
 .text.ai_version_get
                0x000000000800627c        0xc ../Middlewares/ST/AI/Lib\NetworkRuntime910_CM4_GCC.a(ai_datatypes_internal.o)
                0x000000000800627c                ai_version_get
 .text.ai_platform_version_get
                0x0000000008006288       0x24 ../Middlewares/ST/AI/Lib\NetworkRuntime910_CM4_GCC.a(ai_datatypes_internal.o)
                0x0000000008006288                ai_platform_version_get
 .text.get_tensor_size
                0x00000000080062ac       0x28 ../Middlewares/ST/AI/Lib\NetworkRuntime910_CM4_GCC.a(ai_datatypes_internal.o)
                0x00000000080062ac                get_tensor_size
 .text.get_tensor_byte_size
                0x00000000080062d4       0x30 ../Middlewares/ST/AI/Lib\NetworkRuntime910_CM4_GCC.a(ai_datatypes_internal.o)
                0x00000000080062d4                get_tensor_byte_size
 .text.ai_buffer_get_size
                0x0000000008006304       0x68 ../Middlewares/ST/AI/Lib\NetworkRuntime910_CM4_GCC.a(ai_platform.o)
                0x0000000008006304                ai_buffer_get_size
 .text.ai_buffer_get_byte_size
                0x000000000800636c       0x10 ../Middlewares/ST/AI/Lib\NetworkRuntime910_CM4_GCC.a(ai_platform.o)
                0x000000000800636c                ai_buffer_get_byte_size
 .text.ai_buffer_array_sane
                0x000000000800637c       0x14 ../Middlewares/ST/AI/Lib\NetworkRuntime910_CM4_GCC.a(ai_platform.o)
                0x000000000800637c                ai_buffer_array_sane
 .text.ai_buffer_array_item_set_address
                0x0000000008006390       0x20 ../Middlewares/ST/AI/Lib\NetworkRuntime910_CM4_GCC.a(ai_platform.o)
                0x0000000008006390                ai_buffer_array_item_set_address
 .text._platform_observer_node_exec_cb
                0x00000000080063b0       0xdc ../Middlewares/ST/AI/Lib\NetworkRuntime910_CM4_GCC.a(ai_platform_interface.o)
 .text.ai_platform_get_weights_map
                0x000000000800648c       0xa8 ../Middlewares/ST/AI/Lib\NetworkRuntime910_CM4_GCC.a(ai_platform_interface.o)
                0x000000000800648c                ai_platform_get_weights_map
 .text.ai_platform_get_activations_map
                0x0000000008006534       0xa8 ../Middlewares/ST/AI/Lib\NetworkRuntime910_CM4_GCC.a(ai_platform_interface.o)
                0x0000000008006534                ai_platform_get_activations_map
 .text.ai_platform_bind_network_params
                0x00000000080065dc       0x44 ../Middlewares/ST/AI/Lib\NetworkRuntime910_CM4_GCC.a(ai_platform_interface.o)
                0x00000000080065dc                ai_platform_bind_network_params
 .text.ai_platform_runtime_get_revision
                0x0000000008006620        0x8 ../Middlewares/ST/AI/Lib\NetworkRuntime910_CM4_GCC.a(ai_platform_interface.o)
                0x0000000008006620                ai_platform_runtime_get_revision
 .text.ai_platform_runtime_get_version
                0x0000000008006628       0x2c ../Middlewares/ST/AI/Lib\NetworkRuntime910_CM4_GCC.a(ai_platform_interface.o)
                0x0000000008006628                ai_platform_runtime_get_version
 .text.ai_platform_api_get_version
                0x0000000008006654       0x2c ../Middlewares/ST/AI/Lib\NetworkRuntime910_CM4_GCC.a(ai_platform_interface.o)
                0x0000000008006654                ai_platform_api_get_version
 .text.ai_platform_interface_api_get_version
                0x0000000008006680       0x2c ../Middlewares/ST/AI/Lib\NetworkRuntime910_CM4_GCC.a(ai_platform_interface.o)
                0x0000000008006680                ai_platform_interface_api_get_version
 .text.ai_platform_context_acquire
                0x00000000080066ac       0x10 ../Middlewares/ST/AI/Lib\NetworkRuntime910_CM4_GCC.a(ai_platform_interface.o)
                0x00000000080066ac                ai_platform_context_acquire
 .text.ai_platform_network_get_error
                0x00000000080066bc       0x18 ../Middlewares/ST/AI/Lib\NetworkRuntime910_CM4_GCC.a(ai_platform_interface.o)
                0x00000000080066bc                ai_platform_network_get_error
 .text.ai_platform_network_set_error
                0x00000000080066d4        0xc ../Middlewares/ST/AI/Lib\NetworkRuntime910_CM4_GCC.a(ai_platform_interface.o)
                0x00000000080066d4                ai_platform_network_set_error
 .text.ai_platform_api_get_network_report
                0x00000000080066e0      0x360 ../Middlewares/ST/AI/Lib\NetworkRuntime910_CM4_GCC.a(ai_platform_interface.o)
                0x00000000080066e0                ai_platform_api_get_network_report
 .text.ai_platform_network_create
                0x0000000008006a40       0x84 ../Middlewares/ST/AI/Lib\NetworkRuntime910_CM4_GCC.a(ai_platform_interface.o)
                0x0000000008006a40                ai_platform_network_create
 .text.ai_platform_network_destroy
                0x0000000008006ac4       0x24 ../Middlewares/ST/AI/Lib\NetworkRuntime910_CM4_GCC.a(ai_platform_interface.o)
                0x0000000008006ac4                ai_platform_network_destroy
 .text.ai_platform_network_init
                0x0000000008006ae8      0x19c ../Middlewares/ST/AI/Lib\NetworkRuntime910_CM4_GCC.a(ai_platform_interface.o)
                0x0000000008006ae8                ai_platform_network_init
 .text.ai_platform_network_post_init
                0x0000000008006c84       0x60 ../Middlewares/ST/AI/Lib\NetworkRuntime910_CM4_GCC.a(ai_platform_interface.o)
                0x0000000008006c84                ai_platform_network_post_init
 .text.ai_platform_network_process
                0x0000000008006ce4      0x480 ../Middlewares/ST/AI/Lib\NetworkRuntime910_CM4_GCC.a(ai_platform_interface.o)
                0x0000000008006ce4                ai_platform_network_process
 .text.ai_platform_observer_register_s
                0x0000000008007164       0x78 ../Middlewares/ST/AI/Lib\NetworkRuntime910_CM4_GCC.a(ai_platform_interface.o)
                0x0000000008007164                ai_platform_observer_register_s
 .text.ai_platform_observer_unregister_s
                0x00000000080071dc       0x30 ../Middlewares/ST/AI/Lib\NetworkRuntime910_CM4_GCC.a(ai_platform_interface.o)
                0x00000000080071dc                ai_platform_observer_unregister_s
 .text.core_init
                0x000000000800720c        0x4 ../Middlewares/ST/AI/Lib\NetworkRuntime910_CM4_GCC.a(core_common.o)
                0x000000000800720c                core_init
 .text.core_get_error
                0x0000000008007210        0xc ../Middlewares/ST/AI/Lib\NetworkRuntime910_CM4_GCC.a(core_common.o)
                0x0000000008007210                core_get_error
 .text.core_set_error
                0x000000000800721c       0x18 ../Middlewares/ST/AI/Lib\NetworkRuntime910_CM4_GCC.a(core_common.o)
                0x000000000800721c                core_set_error
 .text.ai_check_custom_types
                0x0000000008007234       0x54 ../Middlewares/ST/AI/Lib\NetworkRuntime910_CM4_GCC.a(layers.o)
                0x0000000008007234                ai_check_custom_types
 .text.ai_layers_init_all
                0x0000000008007288       0x1c ../Middlewares/ST/AI/Lib\NetworkRuntime910_CM4_GCC.a(layers.o)
                0x0000000008007288                ai_layers_init_all
 .text.ai_layers_post_init_all
                0x00000000080072a4       0x28 ../Middlewares/ST/AI/Lib\NetworkRuntime910_CM4_GCC.a(layers.o)
                0x00000000080072a4                ai_layers_post_init_all
 .text.ai_layers_forward_all
                0x00000000080072cc       0x94 ../Middlewares/ST/AI/Lib\NetworkRuntime910_CM4_GCC.a(layers.o)
                0x00000000080072cc                ai_layers_forward_all
 .text.ai_layers_destroy_all
                0x0000000008007360       0x28 ../Middlewares/ST/AI/Lib\NetworkRuntime910_CM4_GCC.a(layers.o)
                0x0000000008007360                ai_layers_destroy_all
 .text.forward_conv2d_if32of32wf32
                0x0000000008007388      0x1e4 ../Middlewares/ST/AI/Lib\NetworkRuntime910_CM4_GCC.a(layers_conv2d_generic_float.o)
                0x0000000008007388                forward_conv2d_if32of32wf32
 .text.forward_conv2d_if32of32wf32_nl_pool
                0x000000000800756c      0x2e0 ../Middlewares/ST/AI/Lib\NetworkRuntime910_CM4_GCC.a(layers_conv2d_generic_float.o)
                0x000000000800756c                forward_conv2d_if32of32wf32_nl_pool
 .text.forward_dense
                0x000000000800784c       0xfc ../Middlewares/ST/AI/Lib\NetworkRuntime910_CM4_GCC.a(layers_conv2d_generic_float.o)
                0x000000000800784c                forward_dense
 .text.forward_relu
                0x0000000008007948      0x138 ../Middlewares/ST/AI/Lib\NetworkRuntime910_CM4_GCC.a(layers_nl_generic_float.o)
                0x0000000008007948                forward_relu
 .text.forward_sm
                0x0000000008007a80       0x78 ../Middlewares/ST/AI/Lib\NetworkRuntime910_CM4_GCC.a(layers_nl_generic_float.o)
                0x0000000008007a80                forward_sm
 .text.forward_ap
                0x0000000008007af8      0x21c ../Middlewares/ST/AI/Lib\NetworkRuntime910_CM4_GCC.a(layers_pool_generic_float.o)
                0x0000000008007af8                forward_ap
 .text.forward_lite_conv2d_if32of32wf32
                0x0000000008007d14      0x58c ../Middlewares/ST/AI/Lib\NetworkRuntime910_CM4_GCC.a(forward_lite_conv2d_if32of32wf32.o)
                0x0000000008007d14                forward_lite_conv2d_if32of32wf32
 .text.forward_lite_conv2d_if32of32wf32_pool
                0x00000000080082a0      0x80c ../Middlewares/ST/AI/Lib\NetworkRuntime910_CM4_GCC.a(forward_lite_conv2d_if32of32wf32.o)
                0x00000000080082a0                forward_lite_conv2d_if32of32wf32_pool
 .text.forward_lite_nl_softmax_if32of32_kernel
                0x0000000008008aac       0x94 ../Middlewares/ST/AI/Lib\NetworkRuntime910_CM4_GCC.a(lite_nl_softmax_if32of32.o)
                0x0000000008008aac                forward_lite_nl_softmax_if32of32_kernel
 .text.forward_lite_nl_relu_generic_if32of32_kernel
                0x0000000008008b40       0xfc ../Middlewares/ST/AI/Lib\NetworkRuntime910_CM4_GCC.a(lite_nl_relu_if32of32.o)
                0x0000000008008b40                forward_lite_nl_relu_generic_if32of32_kernel
 .text.pool_func_mp_array_f32
                0x0000000008008c3c      0x450 ../Middlewares/ST/AI/Lib\NetworkRuntime910_CM4_GCC.a(forward_lite_pool_f32.o)
                0x0000000008008c3c                pool_func_mp_array_f32
 .text.lite_decompress_ilutof32
                0x000000000800908c       0xb4 ../Middlewares/ST/AI/Lib\NetworkRuntime910_CM4_GCC.a(lite_dense_if32.o)
                0x000000000800908c                lite_decompress_ilutof32
 .text.forward_lite_dense_if32of32wf32
                0x0000000008009140      0x2b4 ../Middlewares/ST/AI/Lib\NetworkRuntime910_CM4_GCC.a(lite_dense_if32.o)
                0x0000000008009140                forward_lite_dense_if32of32wf32
 .text.forward_lite_dense_if32of32wf32_lut4
                0x00000000080093f4      0x250 ../Middlewares/ST/AI/Lib\NetworkRuntime910_CM4_GCC.a(lite_dense_if32.o)
                0x00000000080093f4                forward_lite_dense_if32of32wf32_lut4
 .text.forward_lite_dense_if32of32wf32_lut8
                0x0000000008009644      0x25c ../Middlewares/ST/AI/Lib\NetworkRuntime910_CM4_GCC.a(lite_dense_if32.o)
                0x0000000008009644                forward_lite_dense_if32of32wf32_lut8
 .text.forward_lite_nl_relu_if32of32
                0x00000000080098a0       0x44 ../Middlewares/ST/AI/Lib\NetworkRuntime910_CM4_GCC.a(lite_nl_generic_float.o)
                0x00000000080098a0                forward_lite_nl_relu_if32of32
 .text.st_int8_copy
                0x00000000080098e4      0x10c ../Middlewares/ST/AI/Lib\NetworkRuntime910_CM4_GCC.a(st_int8_fill.o)
                0x00000000080098e4                st_int8_copy
 .text.ai_array_to_buffer_fmt
                0x00000000080099f0       0xe0 ../Middlewares/ST/AI/Lib\NetworkRuntime910_CM4_GCC.a(ai_datatypes_format.o)
                0x00000000080099f0                ai_array_to_buffer_fmt
 .text.ai_array_get_byte_size
                0x0000000008009ad0       0x50 ../Middlewares/ST/AI/Lib\NetworkRuntime910_CM4_GCC.a(ai_datatypes_format.o)
                0x0000000008009ad0                ai_array_get_byte_size
 .text.ai_array_get_data_byte_size
                0x0000000008009b20       0x24 ../Middlewares/ST/AI/Lib\NetworkRuntime910_CM4_GCC.a(ai_datatypes_format.o)
                0x0000000008009b20                ai_array_get_data_byte_size
 .text.malloc   0x0000000008009b44       0x10 C:/ST/STM32CubeIDE_1.14.1/STM32CubeIDE/plugins/com.st.stm32cube.ide.mcu.externaltools.gnu-tools-for-stm32.11.3.rel1.win32_1.1.100.202309141235/tools/bin/../lib/gcc/arm-none-eabi/11.3.1/../../../../arm-none-eabi/lib/thumb/v7e-m+fp/hard\libc_nano.a(libc_a-malloc.o)
                0x0000000008009b44                malloc
 .text.free     0x0000000008009b54       0x10 C:/ST/STM32CubeIDE_1.14.1/STM32CubeIDE/plugins/com.st.stm32cube.ide.mcu.externaltools.gnu-tools-for-stm32.11.3.rel1.win32_1.1.100.202309141235/tools/bin/../lib/gcc/arm-none-eabi/11.3.1/../../../../arm-none-eabi/lib/thumb/v7e-m+fp/hard\libc_nano.a(libc_a-malloc.o)
                0x0000000008009b54                free
 .text.sbrk_aligned
                0x0000000008009b64       0x40 C:/ST/STM32CubeIDE_1.14.1/STM32CubeIDE/plugins/com.st.stm32cube.ide.mcu.externaltools.gnu-tools-for-stm32.11.3.rel1.win32_1.1.100.202309141235/tools/bin/../lib/gcc/arm-none-eabi/11.3.1/../../../../arm-none-eabi/lib/thumb/v7e-m+fp/hard\libc_nano.a(libc_a-mallocr.o)
 .text._malloc_r
                0x0000000008009ba4      0x100 C:/ST/STM32CubeIDE_1.14.1/STM32CubeIDE/plugins/com.st.stm32cube.ide.mcu.externaltools.gnu-tools-for-stm32.11.3.rel1.win32_1.1.100.202309141235/tools/bin/../lib/gcc/arm-none-eabi/11.3.1/../../../../arm-none-eabi/lib/thumb/v7e-m+fp/hard\libc_nano.a(libc_a-mallocr.o)
                0x0000000008009ba4                _malloc_r
 .text.__malloc_lock
                0x0000000008009ca4        0xc C:/ST/STM32CubeIDE_1.14.1/STM32CubeIDE/plugins/com.st.stm32cube.ide.mcu.externaltools.gnu-tools-for-stm32.11.3.rel1.win32_1.1.100.202309141235/tools/bin/../lib/gcc/arm-none-eabi/11.3.1/../../../../arm-none-eabi/lib/thumb/v7e-m+fp/hard\libc_nano.a(libc_a-mlock.o)
                0x0000000008009ca4                __malloc_lock
 .text.__malloc_unlock
                0x0000000008009cb0        0xc C:/ST/STM32CubeIDE_1.14.1/STM32CubeIDE/plugins/com.st.stm32cube.ide.mcu.externaltools.gnu-tools-for-stm32.11.3.rel1.win32_1.1.100.202309141235/tools/bin/../lib/gcc/arm-none-eabi/11.3.1/../../../../arm-none-eabi/lib/thumb/v7e-m+fp/hard\libc_nano.a(libc_a-mlock.o)
                0x0000000008009cb0                __malloc_unlock
 .text.__cvt    0x0000000008009cbc       0xc4 C:/ST/STM32CubeIDE_1.14.1/STM32CubeIDE/plugins/com.st.stm32cube.ide.mcu.externaltools.gnu-tools-for-stm32.11.3.rel1.win32_1.1.100.202309141235/tools/bin/../lib/gcc/arm-none-eabi/11.3.1/../../../../arm-none-eabi/lib/thumb/v7e-m+fp/hard\libc_nano.a(libc_a-nano-vfprintf_float.o)
                0x0000000008009cbc                __cvt
 .text.__exponent
                0x0000000008009d80       0x7c C:/ST/STM32CubeIDE_1.14.1/STM32CubeIDE/plugins/com.st.stm32cube.ide.mcu.externaltools.gnu-tools-for-stm32.11.3.rel1.win32_1.1.100.202309141235/tools/bin/../lib/gcc/arm-none-eabi/11.3.1/../../../../arm-none-eabi/lib/thumb/v7e-m+fp/hard\libc_nano.a(libc_a-nano-vfprintf_float.o)
                0x0000000008009d80                __exponent
 .text._printf_float
                0x0000000008009dfc      0x46c C:/ST/STM32CubeIDE_1.14.1/STM32CubeIDE/plugins/com.st.stm32cube.ide.mcu.externaltools.gnu-tools-for-stm32.11.3.rel1.win32_1.1.100.202309141235/tools/bin/../lib/gcc/arm-none-eabi/11.3.1/../../../../arm-none-eabi/lib/thumb/v7e-m+fp/hard\libc_nano.a(libc_a-nano-vfprintf_float.o)
                0x0000000008009dfc                _printf_float
 .text._printf_common
                0x000000000800a268       0xda C:/ST/STM32CubeIDE_1.14.1/STM32CubeIDE/plugins/com.st.stm32cube.ide.mcu.externaltools.gnu-tools-for-stm32.11.3.rel1.win32_1.1.100.202309141235/tools/bin/../lib/gcc/arm-none-eabi/11.3.1/../../../../arm-none-eabi/lib/thumb/v7e-m+fp/hard\libc_nano.a(libc_a-nano-vfprintf_i.o)
                0x000000000800a268                _printf_common
 *fill*         0x000000000800a342        0x2 
 .text._printf_i
                0x000000000800a344      0x244 C:/ST/STM32CubeIDE_1.14.1/STM32CubeIDE/plugins/com.st.stm32cube.ide.mcu.externaltools.gnu-tools-for-stm32.11.3.rel1.win32_1.1.100.202309141235/tools/bin/../lib/gcc/arm-none-eabi/11.3.1/../../../../arm-none-eabi/lib/thumb/v7e-m+fp/hard\libc_nano.a(libc_a-nano-vfprintf_i.o)
                0x000000000800a344                _printf_i
 .text.std      0x000000000800a588       0x6c C:/ST/STM32CubeIDE_1.14.1/STM32CubeIDE/plugins/com.st.stm32cube.ide.mcu.externaltools.gnu-tools-for-stm32.11.3.rel1.win32_1.1.100.202309141235/tools/bin/../lib/gcc/arm-none-eabi/11.3.1/../../../../arm-none-eabi/lib/thumb/v7e-m+fp/hard\libc_nano.a(libc_a-findfp.o)
 .text.stdio_exit_handler
                0x000000000800a5f4       0x18 C:/ST/STM32CubeIDE_1.14.1/STM32CubeIDE/plugins/com.st.stm32cube.ide.mcu.externaltools.gnu-tools-for-stm32.11.3.rel1.win32_1.1.100.202309141235/tools/bin/../lib/gcc/arm-none-eabi/11.3.1/../../../../arm-none-eabi/lib/thumb/v7e-m+fp/hard\libc_nano.a(libc_a-findfp.o)
 .text.cleanup_stdio
                0x000000000800a60c       0x40 C:/ST/STM32CubeIDE_1.14.1/STM32CubeIDE/plugins/com.st.stm32cube.ide.mcu.externaltools.gnu-tools-for-stm32.11.3.rel1.win32_1.1.100.202309141235/tools/bin/../lib/gcc/arm-none-eabi/11.3.1/../../../../arm-none-eabi/lib/thumb/v7e-m+fp/hard\libc_nano.a(libc_a-findfp.o)
 .text.global_stdio_init.part.0
                0x000000000800a64c       0x3c C:/ST/STM32CubeIDE_1.14.1/STM32CubeIDE/plugins/com.st.stm32cube.ide.mcu.externaltools.gnu-tools-for-stm32.11.3.rel1.win32_1.1.100.202309141235/tools/bin/../lib/gcc/arm-none-eabi/11.3.1/../../../../arm-none-eabi/lib/thumb/v7e-m+fp/hard\libc_nano.a(libc_a-findfp.o)
 .text.__sfp_lock_acquire
                0x000000000800a688        0xc C:/ST/STM32CubeIDE_1.14.1/STM32CubeIDE/plugins/com.st.stm32cube.ide.mcu.externaltools.gnu-tools-for-stm32.11.3.rel1.win32_1.1.100.202309141235/tools/bin/../lib/gcc/arm-none-eabi/11.3.1/../../../../arm-none-eabi/lib/thumb/v7e-m+fp/hard\libc_nano.a(libc_a-findfp.o)
                0x000000000800a688                __sfp_lock_acquire
 .text.__sfp_lock_release
                0x000000000800a694        0xc C:/ST/STM32CubeIDE_1.14.1/STM32CubeIDE/plugins/com.st.stm32cube.ide.mcu.externaltools.gnu-tools-for-stm32.11.3.rel1.win32_1.1.100.202309141235/tools/bin/../lib/gcc/arm-none-eabi/11.3.1/../../../../arm-none-eabi/lib/thumb/v7e-m+fp/hard\libc_nano.a(libc_a-findfp.o)
                0x000000000800a694                __sfp_lock_release
 .text.__sinit  0x000000000800a6a0       0x30 C:/ST/STM32CubeIDE_1.14.1/STM32CubeIDE/plugins/com.st.stm32cube.ide.mcu.externaltools.gnu-tools-for-stm32.11.3.rel1.win32_1.1.100.202309141235/tools/bin/../lib/gcc/arm-none-eabi/11.3.1/../../../../arm-none-eabi/lib/thumb/v7e-m+fp/hard\libc_nano.a(libc_a-findfp.o)
                0x000000000800a6a0                __sinit
 .text._fwalk_sglue
                0x000000000800a6d0       0x3c C:/ST/STM32CubeIDE_1.14.1/STM32CubeIDE/plugins/com.st.stm32cube.ide.mcu.externaltools.gnu-tools-for-stm32.11.3.rel1.win32_1.1.100.202309141235/tools/bin/../lib/gcc/arm-none-eabi/11.3.1/../../../../arm-none-eabi/lib/thumb/v7e-m+fp/hard\libc_nano.a(libc_a-fwalk.o)
                0x000000000800a6d0                _fwalk_sglue
 .text.__sread  0x000000000800a70c       0x22 C:/ST/STM32CubeIDE_1.14.1/STM32CubeIDE/plugins/com.st.stm32cube.ide.mcu.externaltools.gnu-tools-for-stm32.11.3.rel1.win32_1.1.100.202309141235/tools/bin/../lib/gcc/arm-none-eabi/11.3.1/../../../../arm-none-eabi/lib/thumb/v7e-m+fp/hard\libc_nano.a(libc_a-stdio.o)
                0x000000000800a70c                __sread
 .text.__swrite
                0x000000000800a72e       0x38 C:/ST/STM32CubeIDE_1.14.1/STM32CubeIDE/plugins/com.st.stm32cube.ide.mcu.externaltools.gnu-tools-for-stm32.11.3.rel1.win32_1.1.100.202309141235/tools/bin/../lib/gcc/arm-none-eabi/11.3.1/../../../../arm-none-eabi/lib/thumb/v7e-m+fp/hard\libc_nano.a(libc_a-stdio.o)
                0x000000000800a72e                __swrite
 .text.__sseek  0x000000000800a766       0x24 C:/ST/STM32CubeIDE_1.14.1/STM32CubeIDE/plugins/com.st.stm32cube.ide.mcu.externaltools.gnu-tools-for-stm32.11.3.rel1.win32_1.1.100.202309141235/tools/bin/../lib/gcc/arm-none-eabi/11.3.1/../../../../arm-none-eabi/lib/thumb/v7e-m+fp/hard\libc_nano.a(libc_a-stdio.o)
                0x000000000800a766                __sseek
 .text.__sclose
                0x000000000800a78a        0x8 C:/ST/STM32CubeIDE_1.14.1/STM32CubeIDE/plugins/com.st.stm32cube.ide.mcu.externaltools.gnu-tools-for-stm32.11.3.rel1.win32_1.1.100.202309141235/tools/bin/../lib/gcc/arm-none-eabi/11.3.1/../../../../arm-none-eabi/lib/thumb/v7e-m+fp/hard\libc_nano.a(libc_a-stdio.o)
                0x000000000800a78a                __sclose
 .text.memset   0x000000000800a792       0x10 C:/ST/STM32CubeIDE_1.14.1/STM32CubeIDE/plugins/com.st.stm32cube.ide.mcu.externaltools.gnu-tools-for-stm32.11.3.rel1.win32_1.1.100.202309141235/tools/bin/../lib/gcc/arm-none-eabi/11.3.1/../../../../arm-none-eabi/lib/thumb/v7e-m+fp/hard\libc_nano.a(libc_a-memset.o)
                0x000000000800a792                memset
 .text.strncmp  0x000000000800a7a2       0x24 C:/ST/STM32CubeIDE_1.14.1/STM32CubeIDE/plugins/com.st.stm32cube.ide.mcu.externaltools.gnu-tools-for-stm32.11.3.rel1.win32_1.1.100.202309141235/tools/bin/../lib/gcc/arm-none-eabi/11.3.1/../../../../arm-none-eabi/lib/thumb/v7e-m+fp/hard\libc_nano.a(libc_a-strncmp.o)
                0x000000000800a7a2                strncmp
 *fill*         0x000000000800a7c6        0x2 
 .text._localeconv_r
                0x000000000800a7c8        0x8 C:/ST/STM32CubeIDE_1.14.1/STM32CubeIDE/plugins/com.st.stm32cube.ide.mcu.externaltools.gnu-tools-for-stm32.11.3.rel1.win32_1.1.100.202309141235/tools/bin/../lib/gcc/arm-none-eabi/11.3.1/../../../../arm-none-eabi/lib/thumb/v7e-m+fp/hard\libc_nano.a(libc_a-localeconv.o)
                0x000000000800a7c8                _localeconv_r
 .text._close_r
                0x000000000800a7d0       0x20 C:/ST/STM32CubeIDE_1.14.1/STM32CubeIDE/plugins/com.st.stm32cube.ide.mcu.externaltools.gnu-tools-for-stm32.11.3.rel1.win32_1.1.100.202309141235/tools/bin/../lib/gcc/arm-none-eabi/11.3.1/../../../../arm-none-eabi/lib/thumb/v7e-m+fp/hard\libc_nano.a(libc_a-closer.o)
                0x000000000800a7d0                _close_r
 .text._lseek_r
                0x000000000800a7f0       0x24 C:/ST/STM32CubeIDE_1.14.1/STM32CubeIDE/plugins/com.st.stm32cube.ide.mcu.externaltools.gnu-tools-for-stm32.11.3.rel1.win32_1.1.100.202309141235/tools/bin/../lib/gcc/arm-none-eabi/11.3.1/../../../../arm-none-eabi/lib/thumb/v7e-m+fp/hard\libc_nano.a(libc_a-lseekr.o)
                0x000000000800a7f0                _lseek_r
 .text._read_r  0x000000000800a814       0x24 C:/ST/STM32CubeIDE_1.14.1/STM32CubeIDE/plugins/com.st.stm32cube.ide.mcu.externaltools.gnu-tools-for-stm32.11.3.rel1.win32_1.1.100.202309141235/tools/bin/../lib/gcc/arm-none-eabi/11.3.1/../../../../arm-none-eabi/lib/thumb/v7e-m+fp/hard\libc_nano.a(libc_a-readr.o)
                0x000000000800a814                _read_r
 .text._sbrk_r  0x000000000800a838       0x20 C:/ST/STM32CubeIDE_1.14.1/STM32CubeIDE/plugins/com.st.stm32cube.ide.mcu.externaltools.gnu-tools-for-stm32.11.3.rel1.win32_1.1.100.202309141235/tools/bin/../lib/gcc/arm-none-eabi/11.3.1/../../../../arm-none-eabi/lib/thumb/v7e-m+fp/hard\libc_nano.a(libc_a-sbrkr.o)
                0x000000000800a838                _sbrk_r
 .text._write_r
                0x000000000800a858       0x24 C:/ST/STM32CubeIDE_1.14.1/STM32CubeIDE/plugins/com.st.stm32cube.ide.mcu.externaltools.gnu-tools-for-stm32.11.3.rel1.win32_1.1.100.202309141235/tools/bin/../lib/gcc/arm-none-eabi/11.3.1/../../../../arm-none-eabi/lib/thumb/v7e-m+fp/hard\libc_nano.a(libc_a-writer.o)
                0x000000000800a858                _write_r
 .text.__errno  0x000000000800a87c        0xc C:/ST/STM32CubeIDE_1.14.1/STM32CubeIDE/plugins/com.st.stm32cube.ide.mcu.externaltools.gnu-tools-for-stm32.11.3.rel1.win32_1.1.100.202309141235/tools/bin/../lib/gcc/arm-none-eabi/11.3.1/../../../../arm-none-eabi/lib/thumb/v7e-m+fp/hard\libc_nano.a(libc_a-errno.o)
                0x000000000800a87c                __errno
 .text.__libc_init_array
                0x000000000800a888       0x48 C:/ST/STM32CubeIDE_1.14.1/STM32CubeIDE/plugins/com.st.stm32cube.ide.mcu.externaltools.gnu-tools-for-stm32.11.3.rel1.win32_1.1.100.202309141235/tools/bin/../lib/gcc/arm-none-eabi/11.3.1/../../../../arm-none-eabi/lib/thumb/v7e-m+fp/hard\libc_nano.a(libc_a-init.o)
                0x000000000800a888                __libc_init_array
 .text.__retarget_lock_init_recursive
                0x000000000800a8d0        0x2 C:/ST/STM32CubeIDE_1.14.1/STM32CubeIDE/plugins/com.st.stm32cube.ide.mcu.externaltools.gnu-tools-for-stm32.11.3.rel1.win32_1.1.100.202309141235/tools/bin/../lib/gcc/arm-none-eabi/11.3.1/../../../../arm-none-eabi/lib/thumb/v7e-m+fp/hard\libc_nano.a(libc_a-lock.o)
                0x000000000800a8d0                __retarget_lock_init_recursive
 .text.__retarget_lock_acquire_recursive
                0x000000000800a8d2        0x2 C:/ST/STM32CubeIDE_1.14.1/STM32CubeIDE/plugins/com.st.stm32cube.ide.mcu.externaltools.gnu-tools-for-stm32.11.3.rel1.win32_1.1.100.202309141235/tools/bin/../lib/gcc/arm-none-eabi/11.3.1/../../../../arm-none-eabi/lib/thumb/v7e-m+fp/hard\libc_nano.a(libc_a-lock.o)
                0x000000000800a8d2                __retarget_lock_acquire_recursive
 .text.__retarget_lock_release_recursive
                0x000000000800a8d4        0x2 C:/ST/STM32CubeIDE_1.14.1/STM32CubeIDE/plugins/com.st.stm32cube.ide.mcu.externaltools.gnu-tools-for-stm32.11.3.rel1.win32_1.1.100.202309141235/tools/bin/../lib/gcc/arm-none-eabi/11.3.1/../../../../arm-none-eabi/lib/thumb/v7e-m+fp/hard\libc_nano.a(libc_a-lock.o)
                0x000000000800a8d4                __retarget_lock_release_recursive
 .text.memcpy   0x000000000800a8d6       0x1c C:/ST/STM32CubeIDE_1.14.1/STM32CubeIDE/plugins/com.st.stm32cube.ide.mcu.externaltools.gnu-tools-for-stm32.11.3.rel1.win32_1.1.100.202309141235/tools/bin/../lib/gcc/arm-none-eabi/11.3.1/../../../../arm-none-eabi/lib/thumb/v7e-m+fp/hard\libc_nano.a(libc_a-memcpy-stub.o)
                0x000000000800a8d6                memcpy
 .text.quorem   0x000000000800a8f2      0x110 C:/ST/STM32CubeIDE_1.14.1/STM32CubeIDE/plugins/com.st.stm32cube.ide.mcu.externaltools.gnu-tools-for-stm32.11.3.rel1.win32_1.1.100.202309141235/tools/bin/../lib/gcc/arm-none-eabi/11.3.1/../../../../arm-none-eabi/lib/thumb/v7e-m+fp/hard\libc_nano.a(libc_a-dtoa.o)
 *fill*         0x000000000800aa02        0x6 
 .text._dtoa_r  0x000000000800aa08      0xbe4 C:/ST/STM32CubeIDE_1.14.1/STM32CubeIDE/plugins/com.st.stm32cube.ide.mcu.externaltools.gnu-tools-for-stm32.11.3.rel1.win32_1.1.100.202309141235/tools/bin/../lib/gcc/arm-none-eabi/11.3.1/../../../../arm-none-eabi/lib/thumb/v7e-m+fp/hard\libc_nano.a(libc_a-dtoa.o)
                0x000000000800aa08                _dtoa_r
 .text._free_r  0x000000000800b5ec       0x98 C:/ST/STM32CubeIDE_1.14.1/STM32CubeIDE/plugins/com.st.stm32cube.ide.mcu.externaltools.gnu-tools-for-stm32.11.3.rel1.win32_1.1.100.202309141235/tools/bin/../lib/gcc/arm-none-eabi/11.3.1/../../../../arm-none-eabi/lib/thumb/v7e-m+fp/hard\libc_nano.a(libc_a-freer.o)
                0x000000000800b5ec                _free_r
 .text._Balloc  0x000000000800b684       0x80 C:/ST/STM32CubeIDE_1.14.1/STM32CubeIDE/plugins/com.st.stm32cube.ide.mcu.externaltools.gnu-tools-for-stm32.11.3.rel1.win32_1.1.100.202309141235/tools/bin/../lib/gcc/arm-none-eabi/11.3.1/../../../../arm-none-eabi/lib/thumb/v7e-m+fp/hard\libc_nano.a(libc_a-mprec.o)
                0x000000000800b684                _Balloc
 .text._Bfree   0x000000000800b704       0x44 C:/ST/STM32CubeIDE_1.14.1/STM32CubeIDE/plugins/com.st.stm32cube.ide.mcu.externaltools.gnu-tools-for-stm32.11.3.rel1.win32_1.1.100.202309141235/tools/bin/../lib/gcc/arm-none-eabi/11.3.1/../../../../arm-none-eabi/lib/thumb/v7e-m+fp/hard\libc_nano.a(libc_a-mprec.o)
                0x000000000800b704                _Bfree
 .text.__multadd
                0x000000000800b748       0x8c C:/ST/STM32CubeIDE_1.14.1/STM32CubeIDE/plugins/com.st.stm32cube.ide.mcu.externaltools.gnu-tools-for-stm32.11.3.rel1.win32_1.1.100.202309141235/tools/bin/../lib/gcc/arm-none-eabi/11.3.1/../../../../arm-none-eabi/lib/thumb/v7e-m+fp/hard\libc_nano.a(libc_a-mprec.o)
                0x000000000800b748                __multadd
 .text.__hi0bits
                0x000000000800b7d4       0x40 C:/ST/STM32CubeIDE_1.14.1/STM32CubeIDE/plugins/com.st.stm32cube.ide.mcu.externaltools.gnu-tools-for-stm32.11.3.rel1.win32_1.1.100.202309141235/tools/bin/../lib/gcc/arm-none-eabi/11.3.1/../../../../arm-none-eabi/lib/thumb/v7e-m+fp/hard\libc_nano.a(libc_a-mprec.o)
                0x000000000800b7d4                __hi0bits
 .text.__lo0bits
                0x000000000800b814       0x5a C:/ST/STM32CubeIDE_1.14.1/STM32CubeIDE/plugins/com.st.stm32cube.ide.mcu.externaltools.gnu-tools-for-stm32.11.3.rel1.win32_1.1.100.202309141235/tools/bin/../lib/gcc/arm-none-eabi/11.3.1/../../../../arm-none-eabi/lib/thumb/v7e-m+fp/hard\libc_nano.a(libc_a-mprec.o)
                0x000000000800b814                __lo0bits
 *fill*         0x000000000800b86e        0x2 
 .text.__i2b    0x000000000800b870       0x2c C:/ST/STM32CubeIDE_1.14.1/STM32CubeIDE/plugins/com.st.stm32cube.ide.mcu.externaltools.gnu-tools-for-stm32.11.3.rel1.win32_1.1.100.202309141235/tools/bin/../lib/gcc/arm-none-eabi/11.3.1/../../../../arm-none-eabi/lib/thumb/v7e-m+fp/hard\libc_nano.a(libc_a-mprec.o)
                0x000000000800b870                __i2b
 .text.__multiply
                0x000000000800b89c      0x154 C:/ST/STM32CubeIDE_1.14.1/STM32CubeIDE/plugins/com.st.stm32cube.ide.mcu.externaltools.gnu-tools-for-stm32.11.3.rel1.win32_1.1.100.202309141235/tools/bin/../lib/gcc/arm-none-eabi/11.3.1/../../../../arm-none-eabi/lib/thumb/v7e-m+fp/hard\libc_nano.a(libc_a-mprec.o)
                0x000000000800b89c                __multiply
 .text.__pow5mult
                0x000000000800b9f0       0xb4 C:/ST/STM32CubeIDE_1.14.1/STM32CubeIDE/plugins/com.st.stm32cube.ide.mcu.externaltools.gnu-tools-for-stm32.11.3.rel1.win32_1.1.100.202309141235/tools/bin/../lib/gcc/arm-none-eabi/11.3.1/../../../../arm-none-eabi/lib/thumb/v7e-m+fp/hard\libc_nano.a(libc_a-mprec.o)
                0x000000000800b9f0                __pow5mult
 .text.__lshift
                0x000000000800baa4       0xd8 C:/ST/STM32CubeIDE_1.14.1/STM32CubeIDE/plugins/com.st.stm32cube.ide.mcu.externaltools.gnu-tools-for-stm32.11.3.rel1.win32_1.1.100.202309141235/tools/bin/../lib/gcc/arm-none-eabi/11.3.1/../../../../arm-none-eabi/lib/thumb/v7e-m+fp/hard\libc_nano.a(libc_a-mprec.o)
                0x000000000800baa4                __lshift
 .text.__mcmp   0x000000000800bb7c       0x38 C:/ST/STM32CubeIDE_1.14.1/STM32CubeIDE/plugins/com.st.stm32cube.ide.mcu.externaltools.gnu-tools-for-stm32.11.3.rel1.win32_1.1.100.202309141235/tools/bin/../lib/gcc/arm-none-eabi/11.3.1/../../../../arm-none-eabi/lib/thumb/v7e-m+fp/hard\libc_nano.a(libc_a-mprec.o)
                0x000000000800bb7c                __mcmp
 .text.__mdiff  0x000000000800bbb4      0x114 C:/ST/STM32CubeIDE_1.14.1/STM32CubeIDE/plugins/com.st.stm32cube.ide.mcu.externaltools.gnu-tools-for-stm32.11.3.rel1.win32_1.1.100.202309141235/tools/bin/../lib/gcc/arm-none-eabi/11.3.1/../../../../arm-none-eabi/lib/thumb/v7e-m+fp/hard\libc_nano.a(libc_a-mprec.o)
                0x000000000800bbb4                __mdiff
 .text.__d2b    0x000000000800bcc8       0xb4 C:/ST/STM32CubeIDE_1.14.1/STM32CubeIDE/plugins/com.st.stm32cube.ide.mcu.externaltools.gnu-tools-for-stm32.11.3.rel1.win32_1.1.100.202309141235/tools/bin/../lib/gcc/arm-none-eabi/11.3.1/../../../../arm-none-eabi/lib/thumb/v7e-m+fp/hard\libc_nano.a(libc_a-mprec.o)
                0x000000000800bcc8                __d2b
 .text.__sflush_r
                0x000000000800bd7c      0x10c C:/ST/STM32CubeIDE_1.14.1/STM32CubeIDE/plugins/com.st.stm32cube.ide.mcu.externaltools.gnu-tools-for-stm32.11.3.rel1.win32_1.1.100.202309141235/tools/bin/../lib/gcc/arm-none-eabi/11.3.1/../../../../arm-none-eabi/lib/thumb/v7e-m+fp/hard\libc_nano.a(libc_a-fflush.o)
                0x000000000800bd7c                __sflush_r
 .text._fflush_r
                0x000000000800be88       0x50 C:/ST/STM32CubeIDE_1.14.1/STM32CubeIDE/plugins/com.st.stm32cube.ide.mcu.externaltools.gnu-tools-for-stm32.11.3.rel1.win32_1.1.100.202309141235/tools/bin/../lib/gcc/arm-none-eabi/11.3.1/../../../../arm-none-eabi/lib/thumb/v7e-m+fp/hard\libc_nano.a(libc_a-fflush.o)
                0x000000000800be88                _fflush_r
 .text.__assert_func
                0x000000000800bed8       0x3c C:/ST/STM32CubeIDE_1.14.1/STM32CubeIDE/plugins/com.st.stm32cube.ide.mcu.externaltools.gnu-tools-for-stm32.11.3.rel1.win32_1.1.100.202309141235/tools/bin/../lib/gcc/arm-none-eabi/11.3.1/../../../../arm-none-eabi/lib/thumb/v7e-m+fp/hard\libc_nano.a(libc_a-assert.o)
                0x000000000800bed8                __assert_func
 .text._calloc_r
                0x000000000800bf14       0x2c C:/ST/STM32CubeIDE_1.14.1/STM32CubeIDE/plugins/com.st.stm32cube.ide.mcu.externaltools.gnu-tools-for-stm32.11.3.rel1.win32_1.1.100.202309141235/tools/bin/../lib/gcc/arm-none-eabi/11.3.1/../../../../arm-none-eabi/lib/thumb/v7e-m+fp/hard\libc_nano.a(libc_a-callocr.o)
                0x000000000800bf14                _calloc_r
 .text.__ascii_mbtowc
                0x000000000800bf40       0x24 C:/ST/STM32CubeIDE_1.14.1/STM32CubeIDE/plugins/com.st.stm32cube.ide.mcu.externaltools.gnu-tools-for-stm32.11.3.rel1.win32_1.1.100.202309141235/tools/bin/../lib/gcc/arm-none-eabi/11.3.1/../../../../arm-none-eabi/lib/thumb/v7e-m+fp/hard\libc_nano.a(libc_a-mbtowc_r.o)
                0x000000000800bf40                __ascii_mbtowc
 .text.__ascii_wctomb
                0x000000000800bf64       0x1a C:/ST/STM32CubeIDE_1.14.1/STM32CubeIDE/plugins/com.st.stm32cube.ide.mcu.externaltools.gnu-tools-for-stm32.11.3.rel1.win32_1.1.100.202309141235/tools/bin/../lib/gcc/arm-none-eabi/11.3.1/../../../../arm-none-eabi/lib/thumb/v7e-m+fp/hard\libc_nano.a(libc_a-wctomb_r.o)
                0x000000000800bf64                __ascii_wctomb
 *fill*         0x000000000800bf7e        0x2 
 .text.fprintf  0x000000000800bf80       0x24 C:/ST/STM32CubeIDE_1.14.1/STM32CubeIDE/plugins/com.st.stm32cube.ide.mcu.externaltools.gnu-tools-for-stm32.11.3.rel1.win32_1.1.100.202309141235/tools/bin/../lib/gcc/arm-none-eabi/11.3.1/../../../../arm-none-eabi/lib/thumb/v7e-m+fp/hard\libc_nano.a(libc_a-fprintf.o)
                0x000000000800bf80                fiprintf
                0x000000000800bf80                fprintf
 .text.abort    0x000000000800bfa4        0xe C:/ST/STM32CubeIDE_1.14.1/STM32CubeIDE/plugins/com.st.stm32cube.ide.mcu.externaltools.gnu-tools-for-stm32.11.3.rel1.win32_1.1.100.202309141235/tools/bin/../lib/gcc/arm-none-eabi/11.3.1/../../../../arm-none-eabi/lib/thumb/v7e-m+fp/hard\libc_nano.a(libc_a-abort.o)
                0x000000000800bfa4                abort
 .text.__sfputc_r
                0x000000000800bfb2       0x2e C:/ST/STM32CubeIDE_1.14.1/STM32CubeIDE/plugins/com.st.stm32cube.ide.mcu.externaltools.gnu-tools-for-stm32.11.3.rel1.win32_1.1.100.202309141235/tools/bin/../lib/gcc/arm-none-eabi/11.3.1/../../../../arm-none-eabi/lib/thumb/v7e-m+fp/hard\libc_nano.a(libc_a-nano-vfprintf.o)
 .text.__sfputs_r
                0x000000000800bfe0       0x24 C:/ST/STM32CubeIDE_1.14.1/STM32CubeIDE/plugins/com.st.stm32cube.ide.mcu.externaltools.gnu-tools-for-stm32.11.3.rel1.win32_1.1.100.202309141235/tools/bin/../lib/gcc/arm-none-eabi/11.3.1/../../../../arm-none-eabi/lib/thumb/v7e-m+fp/hard\libc_nano.a(libc_a-nano-vfprintf.o)
                0x000000000800bfe0                __sfputs_r
 .text._vfprintf_r
                0x000000000800c004      0x234 C:/ST/STM32CubeIDE_1.14.1/STM32CubeIDE/plugins/com.st.stm32cube.ide.mcu.externaltools.gnu-tools-for-stm32.11.3.rel1.win32_1.1.100.202309141235/tools/bin/../lib/gcc/arm-none-eabi/11.3.1/../../../../arm-none-eabi/lib/thumb/v7e-m+fp/hard\libc_nano.a(libc_a-nano-vfprintf.o)
                0x000000000800c004                _vfprintf_r
                0x000000000800c004                _vfiprintf_r
 .text.__swbuf_r
                0x000000000800c238       0x7a C:/ST/STM32CubeIDE_1.14.1/STM32CubeIDE/plugins/com.st.stm32cube.ide.mcu.externaltools.gnu-tools-for-stm32.11.3.rel1.win32_1.1.100.202309141235/tools/bin/../lib/gcc/arm-none-eabi/11.3.1/../../../../arm-none-eabi/lib/thumb/v7e-m+fp/hard\libc_nano.a(libc_a-wbuf.o)
                0x000000000800c238                __swbuf_r
 *fill*         0x000000000800c2b2        0x2 
 .text.__swsetup_r
                0x000000000800c2b4       0xb0 C:/ST/STM32CubeIDE_1.14.1/STM32CubeIDE/plugins/com.st.stm32cube.ide.mcu.externaltools.gnu-tools-for-stm32.11.3.rel1.win32_1.1.100.202309141235/tools/bin/../lib/gcc/arm-none-eabi/11.3.1/../../../../arm-none-eabi/lib/thumb/v7e-m+fp/hard\libc_nano.a(libc_a-wsetup.o)
                0x000000000800c2b4                __swsetup_r
 .text._raise_r
                0x000000000800c364       0x50 C:/ST/STM32CubeIDE_1.14.1/STM32CubeIDE/plugins/com.st.stm32cube.ide.mcu.externaltools.gnu-tools-for-stm32.11.3.rel1.win32_1.1.100.202309141235/tools/bin/../lib/gcc/arm-none-eabi/11.3.1/../../../../arm-none-eabi/lib/thumb/v7e-m+fp/hard\libc_nano.a(libc_a-signal.o)
                0x000000000800c364                _raise_r
 .text.raise    0x000000000800c3b4       0x10 C:/ST/STM32CubeIDE_1.14.1/STM32CubeIDE/plugins/com.st.stm32cube.ide.mcu.externaltools.gnu-tools-for-stm32.11.3.rel1.win32_1.1.100.202309141235/tools/bin/../lib/gcc/arm-none-eabi/11.3.1/../../../../arm-none-eabi/lib/thumb/v7e-m+fp/hard\libc_nano.a(libc_a-signal.o)
                0x000000000800c3b4                raise
 .text._kill_r  0x000000000800c3c4       0x24 C:/ST/STM32CubeIDE_1.14.1/STM32CubeIDE/plugins/com.st.stm32cube.ide.mcu.externaltools.gnu-tools-for-stm32.11.3.rel1.win32_1.1.100.202309141235/tools/bin/../lib/gcc/arm-none-eabi/11.3.1/../../../../arm-none-eabi/lib/thumb/v7e-m+fp/hard\libc_nano.a(libc_a-signalr.o)
                0x000000000800c3c4                _kill_r
 .text._getpid_r
                0x000000000800c3e8        0x4 C:/ST/STM32CubeIDE_1.14.1/STM32CubeIDE/plugins/com.st.stm32cube.ide.mcu.externaltools.gnu-tools-for-stm32.11.3.rel1.win32_1.1.100.202309141235/tools/bin/../lib/gcc/arm-none-eabi/11.3.1/../../../../arm-none-eabi/lib/thumb/v7e-m+fp/hard\libc_nano.a(libc_a-signalr.o)
                0x000000000800c3e8                _getpid_r
 .text.__swhatbuf_r
                0x000000000800c3ec       0x4c C:/ST/STM32CubeIDE_1.14.1/STM32CubeIDE/plugins/com.st.stm32cube.ide.mcu.externaltools.gnu-tools-for-stm32.11.3.rel1.win32_1.1.100.202309141235/tools/bin/../lib/gcc/arm-none-eabi/11.3.1/../../../../arm-none-eabi/lib/thumb/v7e-m+fp/hard\libc_nano.a(libc_a-makebuf.o)
                0x000000000800c3ec                __swhatbuf_r
 .text.__smakebuf_r
                0x000000000800c438       0x78 C:/ST/STM32CubeIDE_1.14.1/STM32CubeIDE/plugins/com.st.stm32cube.ide.mcu.externaltools.gnu-tools-for-stm32.11.3.rel1.win32_1.1.100.202309141235/tools/bin/../lib/gcc/arm-none-eabi/11.3.1/../../../../arm-none-eabi/lib/thumb/v7e-m+fp/hard\libc_nano.a(libc_a-makebuf.o)
                0x000000000800c438                __smakebuf_r
 .text._fstat_r
                0x000000000800c4b0       0x24 C:/ST/STM32CubeIDE_1.14.1/STM32CubeIDE/plugins/com.st.stm32cube.ide.mcu.externaltools.gnu-tools-for-stm32.11.3.rel1.win32_1.1.100.202309141235/tools/bin/../lib/gcc/arm-none-eabi/11.3.1/../../../../arm-none-eabi/lib/thumb/v7e-m+fp/hard\libc_nano.a(libc_a-fstatr.o)
                0x000000000800c4b0                _fstat_r
 .text._isatty_r
                0x000000000800c4d4       0x20 C:/ST/STM32CubeIDE_1.14.1/STM32CubeIDE/plugins/com.st.stm32cube.ide.mcu.externaltools.gnu-tools-for-stm32.11.3.rel1.win32_1.1.100.202309141235/tools/bin/../lib/gcc/arm-none-eabi/11.3.1/../../../../arm-none-eabi/lib/thumb/v7e-m+fp/hard\libc_nano.a(libc_a-isattyr.o)
                0x000000000800c4d4                _isatty_r
 .text.expf     0x000000000800c4f4       0x6c C:/ST/STM32CubeIDE_1.14.1/STM32CubeIDE/plugins/com.st.stm32cube.ide.mcu.externaltools.gnu-tools-for-stm32.11.3.rel1.win32_1.1.100.202309141235/tools/bin/../lib/gcc/arm-none-eabi/11.3.1/../../../../arm-none-eabi/lib/thumb/v7e-m+fp/hard\libm.a(libm_a-wf_exp.o)
                0x000000000800c4f4                expf
 .text.finitef  0x000000000800c560       0x1a C:/ST/STM32CubeIDE_1.14.1/STM32CubeIDE/plugins/com.st.stm32cube.ide.mcu.externaltools.gnu-tools-for-stm32.11.3.rel1.win32_1.1.100.202309141235/tools/bin/../lib/gcc/arm-none-eabi/11.3.1/../../../../arm-none-eabi/lib/thumb/v7e-m+fp/hard\libm.a(libm_a-sf_finite.o)
                0x000000000800c560                finitef
 .text.with_errnof
                0x000000000800c57a       0x16 C:/ST/STM32CubeIDE_1.14.1/STM32CubeIDE/plugins/com.st.stm32cube.ide.mcu.externaltools.gnu-tools-for-stm32.11.3.rel1.win32_1.1.100.202309141235/tools/bin/../lib/gcc/arm-none-eabi/11.3.1/../../../../arm-none-eabi/lib/thumb/v7e-m+fp/hard\libm.a(libm_a-math_errf.o)
 .text.xflowf   0x000000000800c590       0x16 C:/ST/STM32CubeIDE_1.14.1/STM32CubeIDE/plugins/com.st.stm32cube.ide.mcu.externaltools.gnu-tools-for-stm32.11.3.rel1.win32_1.1.100.202309141235/tools/bin/../lib/gcc/arm-none-eabi/11.3.1/../../../../arm-none-eabi/lib/thumb/v7e-m+fp/hard\libm.a(libm_a-math_errf.o)
 *fill*         0x000000000800c5a6        0x2 
 .text.__math_uflowf
                0x000000000800c5a8        0xc C:/ST/STM32CubeIDE_1.14.1/STM32CubeIDE/plugins/com.st.stm32cube.ide.mcu.externaltools.gnu-tools-for-stm32.11.3.rel1.win32_1.1.100.202309141235/tools/bin/../lib/gcc/arm-none-eabi/11.3.1/../../../../arm-none-eabi/lib/thumb/v7e-m+fp/hard\libm.a(libm_a-math_errf.o)
                0x000000000800c5a8                __math_uflowf
 .text.__math_oflowf
                0x000000000800c5b4        0xc C:/ST/STM32CubeIDE_1.14.1/STM32CubeIDE/plugins/com.st.stm32cube.ide.mcu.externaltools.gnu-tools-for-stm32.11.3.rel1.win32_1.1.100.202309141235/tools/bin/../lib/gcc/arm-none-eabi/11.3.1/../../../../arm-none-eabi/lib/thumb/v7e-m+fp/hard\libm.a(libm_a-math_errf.o)
                0x000000000800c5b4                __math_oflowf
 .text.__ieee754_expf
                0x000000000800c5c0      0x19c C:/ST/STM32CubeIDE_1.14.1/STM32CubeIDE/plugins/com.st.stm32cube.ide.mcu.externaltools.gnu-tools-for-stm32.11.3.rel1.win32_1.1.100.202309141235/tools/bin/../lib/gcc/arm-none-eabi/11.3.1/../../../../arm-none-eabi/lib/thumb/v7e-m+fp/hard\libm.a(libm_a-ef_exp.o)
                0x000000000800c5c0                __ieee754_expf
 .text._close   0x000000000800c75c       0x10 C:/ST/STM32CubeIDE_1.14.1/STM32CubeIDE/plugins/com.st.stm32cube.ide.mcu.externaltools.gnu-tools-for-stm32.11.3.rel1.win32_1.1.100.202309141235/tools/bin/../lib/gcc/arm-none-eabi/11.3.1/../../../../arm-none-eabi/lib/thumb/v7e-m+fp/hard\libnosys.a(close.o)
                0x000000000800c75c                _close
 .text._fstat   0x000000000800c76c       0x10 C:/ST/STM32CubeIDE_1.14.1/STM32CubeIDE/plugins/com.st.stm32cube.ide.mcu.externaltools.gnu-tools-for-stm32.11.3.rel1.win32_1.1.100.202309141235/tools/bin/../lib/gcc/arm-none-eabi/11.3.1/../../../../arm-none-eabi/lib/thumb/v7e-m+fp/hard\libnosys.a(fstat.o)
                0x000000000800c76c                _fstat
 .text._getpid  0x000000000800c77c       0x10 C:/ST/STM32CubeIDE_1.14.1/STM32CubeIDE/plugins/com.st.stm32cube.ide.mcu.externaltools.gnu-tools-for-stm32.11.3.rel1.win32_1.1.100.202309141235/tools/bin/../lib/gcc/arm-none-eabi/11.3.1/../../../../arm-none-eabi/lib/thumb/v7e-m+fp/hard\libnosys.a(getpid.o)
                0x000000000800c77c                _getpid
 .text._isatty  0x000000000800c78c       0x10 C:/ST/STM32CubeIDE_1.14.1/STM32CubeIDE/plugins/com.st.stm32cube.ide.mcu.externaltools.gnu-tools-for-stm32.11.3.rel1.win32_1.1.100.202309141235/tools/bin/../lib/gcc/arm-none-eabi/11.3.1/../../../../arm-none-eabi/lib/thumb/v7e-m+fp/hard\libnosys.a(isatty.o)
                0x000000000800c78c                _isatty
 .text._kill    0x000000000800c79c       0x10 C:/ST/STM32CubeIDE_1.14.1/STM32CubeIDE/plugins/com.st.stm32cube.ide.mcu.externaltools.gnu-tools-for-stm32.11.3.rel1.win32_1.1.100.202309141235/tools/bin/../lib/gcc/arm-none-eabi/11.3.1/../../../../arm-none-eabi/lib/thumb/v7e-m+fp/hard\libnosys.a(kill.o)
                0x000000000800c79c                _kill
 .text._lseek   0x000000000800c7ac       0x10 C:/ST/STM32CubeIDE_1.14.1/STM32CubeIDE/plugins/com.st.stm32cube.ide.mcu.externaltools.gnu-tools-for-stm32.11.3.rel1.win32_1.1.100.202309141235/tools/bin/../lib/gcc/arm-none-eabi/11.3.1/../../../../arm-none-eabi/lib/thumb/v7e-m+fp/hard\libnosys.a(lseek.o)
                0x000000000800c7ac                _lseek
 .text._read    0x000000000800c7bc       0x10 C:/ST/STM32CubeIDE_1.14.1/STM32CubeIDE/plugins/com.st.stm32cube.ide.mcu.externaltools.gnu-tools-for-stm32.11.3.rel1.win32_1.1.100.202309141235/tools/bin/../lib/gcc/arm-none-eabi/11.3.1/../../../../arm-none-eabi/lib/thumb/v7e-m+fp/hard\libnosys.a(read.o)
                0x000000000800c7bc                _read